cl.imperial.cajaunificada.Main -> cl.imperial.cajaunificada.Main:
    cl.obcom.desktopfx.core.DesktopTask task -> a
    javafx.scene.control.TableView Table -> a
    cl.imperial.cajaunificada.WebClient webClient -> a
    cl.imperial.cajaunificada.StartupParams startupParams -> a
    javafx.scene.control.Label nroDocumentolbl -> a
    javafx.scene.control.Label Cargoslbl -> b
    javafx.scene.control.Label CargosCMRlbl -> c
    javafx.scene.control.Label Descuentoslbl -> d
    javafx.scene.control.Label TotalPaglbl -> e
    javafx.scene.control.Label Pagoslbl -> f
    javafx.scene.control.Label Porcobrarlbl -> g
    javafx.scene.control.Label Vueltolbl -> h
    javafx.scene.control.Label SaldoAcreedorlbl -> i
    javafx.scene.control.Label Efectivolbl -> j
    javafx.scene.control.Label Chequeslbl -> k
    javafx.scene.control.Label Tarjetalbl -> l
    javafx.scene.control.Label NotaCreditolbl -> m
    javafx.scene.control.Label Transferencialbl -> n
    javafx.scene.control.Label SaldoAcreedor2lbl -> o
    javafx.scene.control.Label CheckLabel -> p
    javafx.scene.control.Label InteresesCheqlbl -> q
    javafx.scene.control.Label Sucursalbl -> r
    javafx.scene.control.Label Usuariolbl -> s
    javafx.scene.control.Label NomEstacionlbl -> t
    javafx.scene.control.Label Bandejalbl -> u
    javafx.scene.control.TextField NroDocumentoText -> a
    javafx.scene.control.TextField CargosText -> b
    javafx.scene.control.TextField CargosCMRText -> c
    javafx.scene.control.TextField DescuentosText -> d
    javafx.scene.control.TextField TotalPagoText -> e
    javafx.scene.control.TextField PagosText -> f
    javafx.scene.control.TextField PorCobrarText -> g
    javafx.scene.control.TextField VueltoText -> h
    javafx.scene.control.TextField SaldoAcreedorText -> i
    javafx.scene.control.TextField EfectivoTxt -> j
    javafx.scene.control.TextField EfectivoMiniTxt -> k
    javafx.scene.control.TextField ChequesTxt -> l
    javafx.scene.control.TextField TarjetasTxt -> m
    javafx.scene.control.TextField NotaCreditoTxt -> n
    javafx.scene.control.TextField TransferenciaTxt -> o
    javafx.scene.control.TextField SaldoAcreedor2Txt -> p
    javafx.scene.control.TextField InteresesCheqTxt -> q
    javafx.scene.control.Label SucursalTxt -> v
    javafx.scene.control.Label UsuarioTxt -> w
    javafx.scene.control.Label NomEstacionTxt -> x
    javafx.scene.control.Label BandejaTxt -> y
    javafx.scene.control.CheckBox checkBoxClave -> a
    javafx.scene.image.Image ENVIO -> a
    javafx.scene.image.ImageView envio -> a
    javafx.scene.control.Button envioButton -> a
    javafx.animation.FadeTransition ft -> a
    javafx.scene.image.Image ESCANER -> b
    javafx.scene.image.ImageView escaner -> b
    javafx.scene.control.Button escanerButton -> b
    javafx.scene.image.Image FICHAREGISTRO -> c
    javafx.scene.image.ImageView ficharegistro -> c
    javafx.scene.control.Button ficharegistroButton -> c
    javafx.scene.image.Image INGTARJETA -> d
    javafx.scene.image.ImageView ingtarjeta -> d
    javafx.scene.control.Button ingtarjetaButton -> d
    javafx.scene.image.Image FALABELLA -> e
    javafx.scene.image.ImageView falabella -> e
    javafx.scene.control.Button falabellaButton -> e
    javafx.scene.image.Image CONSTARJETA -> f
    javafx.scene.image.ImageView consultatarjeta -> f
    javafx.scene.control.Button consultatarjetaButton -> f
    javafx.scene.image.Image GURDAR -> g
    javafx.scene.image.ImageView guardar -> g
    javafx.scene.control.Button guardarButton -> g
    javafx.scene.image.Image CREDITO -> h
    javafx.scene.image.ImageView credito -> h
    javafx.scene.control.Button creditoButton -> h
    javafx.scene.image.Image REIMPRIMIR -> i
    javafx.scene.image.ImageView reimprimir -> i
    javafx.scene.control.Button reimprimirButton -> i
    javafx.scene.image.Image LIMPIAR -> j
    javafx.scene.image.ImageView limpiar -> j
    javafx.scene.control.Button limpiarButton -> j
    javafx.scene.image.Image CONFIGURAR -> k
    javafx.scene.image.ImageView configurar -> k
    javafx.scene.control.Button configurarButton -> k
    70:909:void <init>(cl.obcom.desktopfx.core.DesktopTask) -> <init>
    2003:2005:java.lang.String getImplementationVersion():1003:1005 -> <init>
    2003:2005:void <init>(cl.obcom.desktopfx.core.DesktopTask):215 -> <init>
    916:920:void onLoad_Session_Initialize$92f3253() -> a
    988:988:boolean ValidarValesConORC() -> ValidarValesConORC
    998:999:void EnvioBalin() -> EnvioBalin
    1022:1035:void displayError(javafx.scene.Node,java.lang.Throwable,java.lang.String) -> displayError
    1047:1063:void displayMessage(javafx.scene.Node,java.lang.String,java.lang.String) -> displayMessage
    1076:1098:boolean displayConfirmation(javafx.scene.Node,java.lang.String,java.lang.String) -> displayConfirmation
    1109:1116:javafx.stage.Window getDialogOwner(javafx.scene.Node) -> a
    1130:1148:java.lang.String displayInput(javafx.scene.Node,java.lang.String,java.lang.String) -> displayInput
    201:201:void lambda$0(cl.obcom.desktopfx.core.TaskEvent) -> a
    2157:2158:void onTaskStateRequest(cl.obcom.desktopfx.core.TaskEvent):1157:1158 -> a
    2157:2158:void lambda$0(cl.obcom.desktopfx.core.TaskEvent):201 -> a
    254:254:void lambda$1(cl.obcom.desktopfx.core.DesktopTask,javafx.event.ActionEvent) -> a
    271:276:void lambda$2(javafx.event.ActionEvent) -> a
    2945:2968:void EscanerProducto$4fe5dc70():945:968 -> a
    2945:2968:void lambda$2(javafx.event.ActionEvent):271 -> a
    749:749:void lambda$3(javafx.event.ActionEvent) -> b
    917:917:void lambda$4() -> b
    956:956:void lambda$5(cl.obcom.desktopfx.core.ModalEvent) -> a
cl.imperial.cajaunificada.StartupParams -> cl.imperial.cajaunificada.StartupParams:
    java.lang.String codEmp -> a
    java.lang.String idBandejaPos -> b
    java.lang.String nombreBandeja -> c
    java.lang.String sucursal -> d
    37:44:void <init>() -> <init>
    56:90:void <init>(cl.imperial.cajaunificada.ws.StartupResult) -> <init>
    103:103:java.lang.String getCodEmp() -> getCodEmp
    113:113:java.lang.String getIdBandejaPos() -> getIdBandejaPos
    123:123:java.lang.String getNombreBandeja() -> getNombreBandeja
    133:134:void setNombreBandeja(java.lang.String) -> setNombreBandeja
    143:143:java.lang.String getSucursal() -> getSucursal
    153:154:void setSucursal(java.lang.String) -> setSucursal
cl.imperial.cajaunificada.WebClient -> cl.imperial.cajaunificada.WebClient:
    cl.imperial.cajaunificada.ws.CajaUnificadaWeb webPort -> a
    48:66:void <init>(cl.imperial.cajaunificada.Main,cl.obcom.desktopfx.core.DesktopTask,boolean) -> <init>
    84:115:cl.imperial.cajaunificada.StartupParams startup(cl.obcom.desktopfx.core.DesktopTask) -> startup
cl.imperial.cajaunificada.utils.CajaUnificadaException -> cl.imperial.cajaunificada.utils.CajaUnificadaException:
    long serialVersionUID -> serialVersionUID
    27:28:void <init>() -> <init>
    37:38:void <init>(java.lang.String) -> <init>
    47:48:void <init>(java.lang.Throwable) -> <init>
    59:60:void <init>(java.lang.String,java.lang.Throwable) -> <init>
cl.imperial.cajaunificada.utils.Convert -> cl.imperial.cajaunificada.utils.Convert:
    java.text.NumberFormat CODE_FORMAT -> CODE_FORMAT
    java.text.NumberFormat CURRENCY_FORMAT -> CURRENCY_FORMAT
    java.util.regex.Pattern RUT_PATTERN -> a
    java.text.DecimalFormat RUT_FORMAT -> a
    31:226:void <clinit>() -> <clinit>
    54:57:void <init>() -> <init>
    71:71:java.lang.String trimOrEmpty(java.lang.String) -> trimOrEmpty
    82:82:java.lang.String trimOrNull(java.lang.String) -> trimOrNull
    96:107:java.lang.String[] splitRut(java.lang.String) -> splitRut
    122:122:boolean decToBool(java.math.BigDecimal) -> decToBool
    133:133:boolean strToBool(java.lang.String) -> strToBool
    149:149:java.math.BigDecimal decOrZero(java.math.BigDecimal) -> decOrZero
    161:161:int decToIntExact(java.math.BigDecimal) -> decToIntExact
    173:173:int decToIntRound(java.math.BigDecimal) -> decToIntRound
    184:184:double decToDouble(java.math.BigDecimal) -> decToDouble
    195:195:java.lang.String formatCurrency(java.lang.Number) -> formatCurrency
    209:213:java.lang.Integer tryParseInt(java.lang.String) -> tryParseInt
    237:280:java.lang.String normalizeRUT(java.lang.String) -> normalizeRUT
cl.imperial.cajaunificada.utils.PdfUtil -> cl.imperial.cajaunificada.utils.PdfUtil:
    31:34:void <init>() -> <init>
    55:62:float getTextWidth(java.lang.String,org.apache.pdfbox.pdmodel.font.PDFont,float) -> getTextWidth
    82:97:void drawText(java.lang.String,org.apache.pdfbox.pdmodel.PDPageContentStream,org.apache.pdfbox.pdmodel.font.PDFont,float,float,float) -> drawText
    115:122:void drawLine(org.apache.pdfbox.pdmodel.PDPageContentStream,float,float,float,float) -> drawLine
cl.imperial.cajaunificada.utils.XmlUtil -> cl.imperial.cajaunificada.utils.XmlUtil:
    48:51:void <init>() -> <init>
    71:93:java.lang.String objToXml(java.lang.Object,boolean,boolean) -> objToXml
    110:122:java.lang.Object xmlToObj(java.lang.String,java.lang.Class) -> xmlToObj
    139:149:org.w3c.dom.Document buildDocument() -> buildDocument
    164:176:java.lang.String xmlToStr(org.w3c.dom.Document) -> xmlToStr
    191:203:org.w3c.dom.Document strToXml(java.lang.String) -> strToXml
    218:234:org.w3c.dom.Element addChild(org.w3c.dom.Element,java.lang.String,java.lang.String) -> addChild
    248:248:org.w3c.dom.Element addChild(org.w3c.dom.Element,java.lang.String,int) -> addChild
cl.imperial.cajaunificada.utils.XmlUtil$XmlErrorHandler -> cl.imperial.cajaunificada.utils.XmlUtil$a:
    302:302:void <init>() -> <init>
    313:313:void warning(org.xml.sax.SAXParseException) -> warning
    326:326:void error(org.xml.sax.SAXParseException) -> error
    338:338:void fatalError(org.xml.sax.SAXParseException) -> fatalError
cl.imperial.cajaunificada.utils.XmlUtil$XmlErrorListener -> cl.imperial.cajaunificada.utils.XmlUtil$b:
    260:260:void <init>() -> <init>
    269:269:void warning(javax.xml.transform.TransformerException) -> warning
    279:279:void error(javax.xml.transform.TransformerException) -> error
    289:289:void fatalError(javax.xml.transform.TransformerException) -> fatalError
cl.imperial.cajaunificada.ws.CajaUnificadaWeb -> cl.imperial.cajaunificada.ws.CajaUnificadaWeb:
    cl.imperial.cajaunificada.ws.StartupResult startup(java.lang.String,java.math.BigDecimal,java.lang.String) -> startup
    cl.imperial.cajaunificada.ws.ValeGetResult valeGet(java.lang.String,java.math.BigDecimal,java.lang.String,int,java.lang.String) -> valeGet
    cl.imperial.cajaunificada.ws.RegistraPagoResult registraPago(int) -> registraPago
cl.imperial.cajaunificada.ws.CajaUnificadaWebException -> cl.imperial.cajaunificada.ws.CajaUnificadaWebException:
    long serialVersionUID -> serialVersionUID
    cl.imperial.cajaunificada.ws.WebFaultInfo faultInfo -> faultInfo
    34:36:void <init>(java.lang.String,cl.imperial.cajaunificada.ws.WebFaultInfo) -> <init>
    45:47:void <init>(java.lang.String,cl.imperial.cajaunificada.ws.WebFaultInfo,java.lang.Throwable) -> <init>
    55:55:cl.imperial.cajaunificada.ws.WebFaultInfo getFaultInfo() -> getFaultInfo
cl.imperial.cajaunificada.ws.CajaUnificadaWebService -> cl.imperial.cajaunificada.ws.CajaUnificadaWebService:
    java.net.URL CAJAUNIFICADAWEBSERVICE_WSDL_LOCATION -> a
    javax.xml.ws.WebServiceException CAJAUNIFICADAWEBSERVICE_EXCEPTION -> a
    javax.xml.namespace.QName CAJAUNIFICADAWEBSERVICE_QNAME -> a
    26:35:void <clinit>() -> <clinit>
    38:39:void <init>() -> <init>
    42:43:void <init>(javax.xml.ws.WebServiceFeature[]) -> <init>
    46:47:void <init>(java.net.URL) -> <init>
    50:51:void <init>(java.net.URL,javax.xml.ws.WebServiceFeature[]) -> <init>
    54:55:void <init>(java.net.URL,javax.xml.namespace.QName) -> <init>
    58:59:void <init>(java.net.URL,javax.xml.namespace.QName,javax.xml.ws.WebServiceFeature[]) -> <init>
    68:68:cl.imperial.cajaunificada.ws.CajaUnificadaWeb getCajaUnificadaWebPort() -> getCajaUnificadaWebPort
    80:80:cl.imperial.cajaunificada.ws.CajaUnificadaWeb getCajaUnificadaWebPort(javax.xml.ws.WebServiceFeature[]) -> getCajaUnificadaWebPort
    84:87:java.net.URL __getWsdlLocation() -> a
cl.imperial.cajaunificada.ws.ObjectFactory -> cl.imperial.cajaunificada.ws.ObjectFactory:
    javax.xml.namespace.QName _Faultinfo_QNAME -> a
    javax.xml.namespace.QName _RegistraPago_QNAME -> b
    javax.xml.namespace.QName _RegistraPagoDetalle_QNAME -> c
    javax.xml.namespace.QName _RegistraPagoResponse_QNAME -> d
    javax.xml.namespace.QName _RegistraPagoResult_QNAME -> e
    javax.xml.namespace.QName _Startup_QNAME -> f
    javax.xml.namespace.QName _StartupPropiedad_QNAME -> g
    javax.xml.namespace.QName _StartupResponse_QNAME -> h
    javax.xml.namespace.QName _StartupResult_QNAME -> i
    javax.xml.namespace.QName _ValeGet_QNAME -> j
    javax.xml.namespace.QName _ValeGetResponse_QNAME -> k
    javax.xml.namespace.QName _ValeGetResult_QNAME -> l
    javax.xml.namespace.QName _WebFaultInfo_QNAME -> m
    27:39:void <clinit>() -> <clinit>
    45:46:void <init>() -> <init>
    53:53:cl.imperial.cajaunificada.ws.WebFaultInfo createWebFaultInfo() -> createWebFaultInfo
    61:61:cl.imperial.cajaunificada.ws.RegistraPago createRegistraPago() -> createRegistraPago
    69:69:cl.imperial.cajaunificada.ws.RegistraPagoDetalle createRegistraPagoDetalle() -> createRegistraPagoDetalle
    77:77:cl.imperial.cajaunificada.ws.RegistraPagoResponse createRegistraPagoResponse() -> createRegistraPagoResponse
    85:85:cl.imperial.cajaunificada.ws.RegistraPagoResult createRegistraPagoResult() -> createRegistraPagoResult
    93:93:cl.imperial.cajaunificada.ws.Startup createStartup() -> createStartup
    101:101:cl.imperial.cajaunificada.ws.StartupPropiedad createStartupPropiedad() -> createStartupPropiedad
    109:109:cl.imperial.cajaunificada.ws.StartupResponse createStartupResponse() -> createStartupResponse
    117:117:cl.imperial.cajaunificada.ws.StartupResult createStartupResult() -> createStartupResult
    125:125:cl.imperial.cajaunificada.ws.ValeGet createValeGet() -> createValeGet
    133:133:cl.imperial.cajaunificada.ws.ValeGetResponse createValeGetResponse() -> createValeGetResponse
    141:141:cl.imperial.cajaunificada.ws.ValeGetResult createValeGetResult() -> createValeGetResult
    154:154:javax.xml.bind.JAXBElement createFaultinfo(cl.imperial.cajaunificada.ws.WebFaultInfo) -> createFaultinfo
    167:167:javax.xml.bind.JAXBElement createRegistraPago(cl.imperial.cajaunificada.ws.RegistraPago) -> createRegistraPago
    180:180:javax.xml.bind.JAXBElement createRegistraPagoDetalle(cl.imperial.cajaunificada.ws.RegistraPagoDetalle) -> createRegistraPagoDetalle
    193:193:javax.xml.bind.JAXBElement createRegistraPagoResponse(cl.imperial.cajaunificada.ws.RegistraPagoResponse) -> createRegistraPagoResponse
    206:206:javax.xml.bind.JAXBElement createRegistraPagoResult(cl.imperial.cajaunificada.ws.RegistraPagoResult) -> createRegistraPagoResult
    219:219:javax.xml.bind.JAXBElement createStartup(cl.imperial.cajaunificada.ws.Startup) -> createStartup
    232:232:javax.xml.bind.JAXBElement createStartupPropiedad(cl.imperial.cajaunificada.ws.StartupPropiedad) -> createStartupPropiedad
    245:245:javax.xml.bind.JAXBElement createStartupResponse(cl.imperial.cajaunificada.ws.StartupResponse) -> createStartupResponse
    258:258:javax.xml.bind.JAXBElement createStartupResult(cl.imperial.cajaunificada.ws.StartupResult) -> createStartupResult
    271:271:javax.xml.bind.JAXBElement createValeGet(cl.imperial.cajaunificada.ws.ValeGet) -> createValeGet
    284:284:javax.xml.bind.JAXBElement createValeGetResponse(cl.imperial.cajaunificada.ws.ValeGetResponse) -> createValeGetResponse
    297:297:javax.xml.bind.JAXBElement createValeGetResult(cl.imperial.cajaunificada.ws.ValeGetResult) -> createValeGetResult
    310:310:javax.xml.bind.JAXBElement createWebFaultInfo(cl.imperial.cajaunificada.ws.WebFaultInfo) -> createWebFaultInfo
cl.imperial.cajaunificada.ws.ProcedureResult -> cl.imperial.cajaunificada.ws.ProcedureResult:
    35:35:void <init>() -> <init>
cl.imperial.cajaunificada.ws.RegistraPago -> cl.imperial.cajaunificada.ws.RegistraPago:
    int nroInterno -> nroInterno
    32:32:void <init>() -> <init>
    41:41:int getNroInterno() -> getNroInterno
    49:50:void setNroInterno(int) -> setNroInterno
cl.imperial.cajaunificada.ws.RegistraPagoDetalle -> cl.imperial.cajaunificada.ws.RegistraPagoDetalle:
    java.math.BigDecimal cantidad -> cantidad
    int codRapido -> codRapido
    java.lang.String descripcion -> descripcion
    int precioUnitario -> precioUnitario
    java.math.BigDecimal total -> total
    java.lang.String unidadMedida -> unidadMedida
    43:43:void <init>() -> <init>
    61:61:java.math.BigDecimal getCantidad() -> getCantidad
    73:74:void setCantidad(java.math.BigDecimal) -> setCantidad
    81:81:int getCodRapido() -> getCodRapido
    89:90:void setCodRapido(int) -> setCodRapido
    101:101:java.lang.String getDescripcion() -> getDescripcion
    113:114:void setDescripcion(java.lang.String) -> setDescripcion
    121:121:int getPrecioUnitario() -> getPrecioUnitario
    129:130:void setPrecioUnitario(int) -> setPrecioUnitario
    141:141:java.math.BigDecimal getTotal() -> getTotal
    153:154:void setTotal(java.math.BigDecimal) -> setTotal
    165:165:java.lang.String getUnidadMedida() -> getUnidadMedida
    177:178:void setUnidadMedida(java.lang.String) -> setUnidadMedida
cl.imperial.cajaunificada.ws.RegistraPagoResponse -> cl.imperial.cajaunificada.ws.RegistraPagoResponse:
    cl.imperial.cajaunificada.ws.RegistraPagoResult registraPagoResult -> registraPagoResult
    32:32:void <init>() -> <init>
    45:45:cl.imperial.cajaunificada.ws.RegistraPagoResult getRegistraPagoResult() -> getRegistraPagoResult
    57:58:void setRegistraPagoResult(cl.imperial.cajaunificada.ws.RegistraPagoResult) -> setRegistraPagoResult
cl.imperial.cajaunificada.ws.RegistraPagoResult -> cl.imperial.cajaunificada.ws.RegistraPagoResult:
    java.lang.String clienteCiudad -> clienteCiudad
    java.lang.String clienteComuna -> clienteComuna
    java.lang.String clienteCondiciones -> clienteCondiciones
    java.lang.String clienteDireccion -> clienteDireccion
    java.lang.String clienteDv -> clienteDv
    java.lang.String clienteOrdenCompra -> clienteOrdenCompra
    java.lang.String clienteRazonSocial -> clienteRazonSocial
    java.lang.String clienteRut -> clienteRut
    java.util.List detalles -> detalles
    javax.xml.datatype.XMLGregorianCalendar dteFechaHoraEmision -> dteFechaHoraEmision
    java.lang.String dteFolio -> dteFolio
    java.lang.String dteObservaciones -> dteObservaciones
    java.lang.String dteTipoDocumento -> dteTipoDocumento
    java.lang.String emisorDireccionMatriz -> emisorDireccionMatriz
    java.lang.String emisorDireccionSucursal -> emisorDireccionSucursal
    java.lang.String emisorDv -> emisorDv
    java.lang.String emisorGiro -> emisorGiro
    java.lang.String emisorRazonSocial -> emisorRazonSocial
    java.lang.String emisorRut -> emisorRut
    java.lang.String emisorVendedor -> emisorVendedor
    int iva -> iva
    int total -> total
    int totalNeto -> totalNeto
    81:81:void <init>() -> <init>
    120:120:java.lang.String getClienteCiudad() -> getClienteCiudad
    132:133:void setClienteCiudad(java.lang.String) -> setClienteCiudad
    144:144:java.lang.String getClienteComuna() -> getClienteComuna
    156:157:void setClienteComuna(java.lang.String) -> setClienteComuna
    168:168:java.lang.String getClienteCondiciones() -> getClienteCondiciones
    180:181:void setClienteCondiciones(java.lang.String) -> setClienteCondiciones
    192:192:java.lang.String getClienteDireccion() -> getClienteDireccion
    204:205:void setClienteDireccion(java.lang.String) -> setClienteDireccion
    216:216:java.lang.String getClienteDv() -> getClienteDv
    228:229:void setClienteDv(java.lang.String) -> setClienteDv
    240:240:java.lang.String getClienteOrdenCompra() -> getClienteOrdenCompra
    252:253:void setClienteOrdenCompra(java.lang.String) -> setClienteOrdenCompra
    264:264:java.lang.String getClienteRazonSocial() -> getClienteRazonSocial
    276:277:void setClienteRazonSocial(java.lang.String) -> setClienteRazonSocial
    288:288:java.lang.String getClienteRut() -> getClienteRut
    300:301:void setClienteRut(java.lang.String) -> setClienteRut
    326:329:java.util.List getDetalles() -> getDetalles
    341:341:javax.xml.datatype.XMLGregorianCalendar getDteFechaHoraEmision() -> getDteFechaHoraEmision
    353:354:void setDteFechaHoraEmision(javax.xml.datatype.XMLGregorianCalendar) -> setDteFechaHoraEmision
    365:365:java.lang.String getDteFolio() -> getDteFolio
    377:378:void setDteFolio(java.lang.String) -> setDteFolio
    389:389:java.lang.String getDteObservaciones() -> getDteObservaciones
    401:402:void setDteObservaciones(java.lang.String) -> setDteObservaciones
    413:413:java.lang.String getDteTipoDocumento() -> getDteTipoDocumento
    425:426:void setDteTipoDocumento(java.lang.String) -> setDteTipoDocumento
    437:437:java.lang.String getEmisorDireccionMatriz() -> getEmisorDireccionMatriz
    449:450:void setEmisorDireccionMatriz(java.lang.String) -> setEmisorDireccionMatriz
    461:461:java.lang.String getEmisorDireccionSucursal() -> getEmisorDireccionSucursal
    473:474:void setEmisorDireccionSucursal(java.lang.String) -> setEmisorDireccionSucursal
    485:485:java.lang.String getEmisorDv() -> getEmisorDv
    497:498:void setEmisorDv(java.lang.String) -> setEmisorDv
    509:509:java.lang.String getEmisorGiro() -> getEmisorGiro
    521:522:void setEmisorGiro(java.lang.String) -> setEmisorGiro
    533:533:java.lang.String getEmisorRazonSocial() -> getEmisorRazonSocial
    545:546:void setEmisorRazonSocial(java.lang.String) -> setEmisorRazonSocial
    557:557:java.lang.String getEmisorRut() -> getEmisorRut
    569:570:void setEmisorRut(java.lang.String) -> setEmisorRut
    581:581:java.lang.String getEmisorVendedor() -> getEmisorVendedor
    593:594:void setEmisorVendedor(java.lang.String) -> setEmisorVendedor
    601:601:int getIva() -> getIva
    609:610:void setIva(int) -> setIva
    617:617:int getTotal() -> getTotal
    625:626:void setTotal(int) -> setTotal
    633:633:int getTotalNeto() -> getTotalNeto
    641:642:void setTotalNeto(int) -> setTotalNeto
cl.imperial.cajaunificada.ws.Startup -> cl.imperial.cajaunificada.ws.Startup:
    java.lang.String userCode -> userCode
    java.math.BigDecimal profileCode -> profileCode
    java.lang.String stationName -> stationName
    37:37:void <init>() -> <init>
    52:52:java.lang.String getUserCode() -> getUserCode
    64:65:void setUserCode(java.lang.String) -> setUserCode
    76:76:java.math.BigDecimal getProfileCode() -> getProfileCode
    88:89:void setProfileCode(java.math.BigDecimal) -> setProfileCode
    100:100:java.lang.String getStationName() -> getStationName
    112:113:void setStationName(java.lang.String) -> setStationName
cl.imperial.cajaunificada.ws.StartupPropiedad -> cl.imperial.cajaunificada.ws.StartupPropiedad:
    java.lang.String nombre -> nombre
    java.lang.String valor -> valor
    34:34:void <init>() -> <init>
    48:48:java.lang.String getNombre() -> getNombre
    60:61:void setNombre(java.lang.String) -> setNombre
    72:72:java.lang.String getValor() -> getValor
    84:85:void setValor(java.lang.String) -> setValor
cl.imperial.cajaunificada.ws.StartupResponse -> cl.imperial.cajaunificada.ws.StartupResponse:
    cl.imperial.cajaunificada.ws.StartupResult startupResult -> startupResult
    32:32:void <init>() -> <init>
    45:45:cl.imperial.cajaunificada.ws.StartupResult getStartupResult() -> getStartupResult
    57:58:void setStartupResult(cl.imperial.cajaunificada.ws.StartupResult) -> setStartupResult
cl.imperial.cajaunificada.ws.StartupResult -> cl.imperial.cajaunificada.ws.StartupResult:
    java.util.List propiedades -> propiedades
    35:35:void <init>() -> <init>
    65:68:java.util.List getPropiedades() -> getPropiedades
cl.imperial.cajaunificada.ws.ValeGet -> cl.imperial.cajaunificada.ws.ValeGet:
    java.lang.String userCode -> userCode
    java.math.BigDecimal profileCode -> profileCode
    java.lang.String stationName -> stationName
    int nroInterno -> nroInterno
    java.lang.String codEmp -> codEmp
    41:41:void <init>() -> <init>
    58:58:java.lang.String getUserCode() -> getUserCode
    70:71:void setUserCode(java.lang.String) -> setUserCode
    82:82:java.math.BigDecimal getProfileCode() -> getProfileCode
    94:95:void setProfileCode(java.math.BigDecimal) -> setProfileCode
    106:106:java.lang.String getStationName() -> getStationName
    118:119:void setStationName(java.lang.String) -> setStationName
    126:126:int getNroInterno() -> getNroInterno
    134:135:void setNroInterno(int) -> setNroInterno
    146:146:java.lang.String getCodEmp() -> getCodEmp
    158:159:void setCodEmp(java.lang.String) -> setCodEmp
cl.imperial.cajaunificada.ws.ValeGetResponse -> cl.imperial.cajaunificada.ws.ValeGetResponse:
    cl.imperial.cajaunificada.ws.ValeGetResult valeGetResult -> valeGetResult
    32:32:void <init>() -> <init>
    45:45:cl.imperial.cajaunificada.ws.ValeGetResult getValeGetResult() -> getValeGetResult
    57:58:void setValeGetResult(cl.imperial.cajaunificada.ws.ValeGetResult) -> setValeGetResult
cl.imperial.cajaunificada.ws.ValeGetResult -> cl.imperial.cajaunificada.ws.ValeGetResult:
    int descuento -> descuento
    javax.xml.datatype.XMLGregorianCalendar fechaEmision -> fechaEmision
    int monto -> monto
    java.lang.String nombreCliente -> nombreCliente
    java.lang.String tipoDocumento -> tipoDocumento
    42:42:void <init>() -> <init>
    58:58:int getDescuento() -> getDescuento
    66:67:void setDescuento(int) -> setDescuento
    78:78:javax.xml.datatype.XMLGregorianCalendar getFechaEmision() -> getFechaEmision
    90:91:void setFechaEmision(javax.xml.datatype.XMLGregorianCalendar) -> setFechaEmision
    98:98:int getMonto() -> getMonto
    106:107:void setMonto(int) -> setMonto
    118:118:java.lang.String getNombreCliente() -> getNombreCliente
    130:131:void setNombreCliente(java.lang.String) -> setNombreCliente
    142:142:java.lang.String getTipoDocumento() -> getTipoDocumento
    154:155:void setTipoDocumento(java.lang.String) -> setTipoDocumento
cl.imperial.cajaunificada.ws.WebFaultInfo -> cl.imperial.cajaunificada.ws.WebFaultInfo:
    java.lang.Integer errorCode -> errorCode
    java.lang.String sqlState -> sqlState
    java.lang.String subject -> subject
    36:36:void <init>() -> <init>
    51:51:java.lang.Integer getErrorCode() -> getErrorCode
    63:64:void setErrorCode(java.lang.Integer) -> setErrorCode
    75:75:java.lang.String getSqlState() -> getSqlState
    87:88:void setSqlState(java.lang.String) -> setSqlState
    99:99:java.lang.String getSubject() -> getSubject
    111:112:void setSubject(java.lang.String) -> setSubject
cl.imperial.cajaunificada.ws.package-info -> cl.imperial.cajaunificada.ws.package-info:
