cl.imperial.estacionmantencion.EmpresasList -> cl.imperial.estacionmantencion.EmpresasList:
    16:16:void <init>() -> <init>
cl.imperial.estacionmantencion.EmpresasList$empresa -> cl.imperial.estacionmantencion.EmpresasList$empresa:
    java.lang.String cod_emp -> a
    java.lang.String nom_emp -> b
    24:28:void <init>(java.lang.String,java.lang.String) -> <init>
    31:31:java.lang.String getcod_emp() -> getcod_emp
    35:35:java.lang.String getnom_emp() -> getnom_emp
    40:40:java.lang.String toString() -> toString
cl.imperial.estacionmantencion.EstacionesList -> cl.imperial.estacionmantencion.EstacionesList:
    javafx.beans.property.StringProperty Estaciones -> a
    javafx.beans.property.StringProperty Cod_Emp -> b
    javafx.beans.property.StringProperty TipoEstaciones -> c
    javafx.beans.property.StringProperty Descripcion -> d
    javafx.beans.property.StringProperty Sucursal_Random -> e
    javafx.beans.property.StringProperty Estaciones_Random -> f
    35:43:void <init>() -> <init>
    54:60:void clear() -> clear
    70:76:void copyFrom(cl.imperial.estacionmantencion.EstacionesList) -> copyFrom
    89:89:javafx.beans.property.StringProperty EstacionesProperty() -> EstacionesProperty
    99:99:java.lang.String getEstaciones() -> getEstaciones
    109:110:void setEstaciones(java.lang.String) -> setEstaciones
    123:123:javafx.beans.property.StringProperty Cod_EmpProperty() -> Cod_EmpProperty
    133:133:java.lang.String getCod_Emp() -> getCod_Emp
    143:144:void setCod_Emp(java.lang.String) -> setCod_Emp
    157:157:javafx.beans.property.StringProperty TipoEstacionesProperty() -> TipoEstacionesProperty
    167:167:java.lang.String getTipoEstaciones() -> getTipoEstaciones
    177:178:void setTipoEstaciones(java.lang.String) -> setTipoEstaciones
    191:191:javafx.beans.property.StringProperty DescripcionProperty() -> DescripcionProperty
    201:201:java.lang.String getDescripcion() -> getDescripcion
    211:212:void setDescripcion(java.lang.String) -> setDescripcion
    225:225:javafx.beans.property.StringProperty Sucursal_RandomProperty() -> Sucursal_RandomProperty
    235:235:java.lang.String getSucursal_Random() -> getSucursal_Random
    245:246:void setSucursal_Random(java.lang.String) -> setSucursal_Random
    259:259:javafx.beans.property.StringProperty Estaciones_RandomProperty() -> Estaciones_RandomProperty
    269:269:java.lang.String getEstaciones_Random() -> getEstaciones_Random
    279:280:void setEstaciones_Random(java.lang.String) -> setEstaciones_Random
cl.imperial.estacionmantencion.Main -> cl.imperial.estacionmantencion.Main:
    cl.imperial.estacionmantencion.ws.EstacionMantencionWeb port -> a
    cl.obcom.desktopfx.core.DesktopTask task -> a
    javafx.scene.control.TableView Table -> a
    javafx.collections.ObservableList EstacionesList -> EstacionesList
    javafx.scene.control.Label lblLabel -> a
    javafx.scene.control.Label lblLabelB -> b
    javafx.scene.control.TextField EstacionTxt -> EstacionTxt
    javafx.scene.control.TextField NombEstacionTxt -> NombEstacionTxt
    javafx.scene.control.TextField SucursalTxtRandom -> SucursalTxtRandom
    javafx.scene.control.TextField tipo_estacionTxt -> tipo_estacionTxt
    javafx.scene.control.TextField EstacionRandomTxt -> EstacionRandomTxt
    javafx.scene.control.TextField DescripcionTxt -> DescripcionTxt
    javafx.scene.control.ComboBox EmpresaComboBox -> a
    javafx.scene.control.Button BuscarBtn -> BuscarBtn
    javafx.scene.control.Button EstacionBtn -> EstacionBtn
    javafx.scene.control.Button eliminarBtn -> eliminarBtn
    javafx.scene.control.Button grabarBtn -> grabarBtn
    javafx.scene.control.Button salirBtn -> salirBtn
    55:405:void <init>(cl.obcom.desktopfx.core.DesktopTask) -> <init>
    538:549:void onCargaCbo(javafx.scene.control.ComboBox) -> a
    642:653:void onClearAll() -> a
    1658:1675:void onrefreshTabla():658:675 -> a
    1658:1675:void onClearAll():650 -> a
    140:140:void lambda$0(javafx.event.ActionEvent) -> a
    2432:2458:void buscarEstButtonSearch():432:458 -> a
    2432:2458:void lambda$0(javafx.event.ActionEvent):140 -> a
    144:144:void lambda$1(javafx.event.ActionEvent) -> b
    2467:2491:void EstacionButtonSearch():467:491 -> b
    2467:2491:void lambda$1(javafx.event.ActionEvent):144 -> b
    167:176:javafx.scene.control.TableRow lambda$2(javafx.scene.control.TableView) -> a
    209:209:javafx.beans.value.ObservableValue lambda$4(javafx.scene.control.TableColumn$CellDataFeatures) -> a
    217:217:javafx.beans.value.ObservableValue lambda$5(javafx.scene.control.TableColumn$CellDataFeatures) -> b
    225:225:javafx.beans.value.ObservableValue lambda$6(javafx.scene.control.TableColumn$CellDataFeatures) -> c
    382:382:void lambda$7(javafx.event.ActionEvent) -> c
    2627:2638:void onEliminarEst():627:638 -> c
    2627:2638:void lambda$7(javafx.event.ActionEvent):382 -> c
    386:386:void lambda$8(javafx.event.ActionEvent) -> d
    3558:3616:void onGrabarClick$69169593():558:616 -> d
    3558:3616:void lambda$8(javafx.event.ActionEvent):386 -> d
    389:389:void lambda$9(cl.obcom.desktopfx.core.DesktopTask,javafx.event.ActionEvent) -> a
    402:402:void lambda$10(cl.obcom.desktopfx.core.TaskEvent) -> a
    4417:4418:void onTaskStateRequest(cl.obcom.desktopfx.core.TaskEvent):417:418 -> a
    4417:4418:void lambda$10(cl.obcom.desktopfx.core.TaskEvent):402 -> a
    169:175:void lambda$3(javafx.scene.control.TableRow,javafx.scene.input.MouseEvent) -> a
    4502:4527:void buscarDatEstButtonSearch(cl.imperial.estacionmantencion.EstacionesList):502:527 -> a
    4502:4527:void lambda$3(javafx.scene.control.TableRow,javafx.scene.input.MouseEvent):171 -> a
cl.imperial.estacionmantencion.ws.BuscaempBca -> cl.imperial.estacionmantencion.ws.BuscaempBca:
    29:29:void <init>() -> <init>
cl.imperial.estacionmantencion.ws.BuscaempBcaEstacion -> cl.imperial.estacionmantencion.ws.BuscaempBcaEstacion:
    java.lang.String codEmp -> codEmp
    java.lang.String nomEmp -> nomEmp
    34:34:void <init>() -> <init>
    48:48:java.lang.String getCodEmp() -> getCodEmp
    60:61:void setCodEmp(java.lang.String) -> setCodEmp
    72:72:java.lang.String getNomEmp() -> getNomEmp
    84:85:void setNomEmp(java.lang.String) -> setNomEmp
cl.imperial.estacionmantencion.ws.BuscaempBcaResponse -> cl.imperial.estacionmantencion.ws.BuscaempBcaResponse:
    cl.imperial.estacionmantencion.ws.BuscaempBcaResult buscaempBcaResult -> buscaempBcaResult
    32:32:void <init>() -> <init>
    45:45:cl.imperial.estacionmantencion.ws.BuscaempBcaResult getBuscaempBcaResult() -> getBuscaempBcaResult
    57:58:void setBuscaempBcaResult(cl.imperial.estacionmantencion.ws.BuscaempBcaResult) -> setBuscaempBcaResult
cl.imperial.estacionmantencion.ws.BuscaempBcaResult -> cl.imperial.estacionmantencion.ws.BuscaempBcaResult:
    java.lang.String errorMessage -> errorMessage
    java.util.List estaciones -> estaciones
    37:37:void <init>() -> <init>
    54:54:java.lang.String getErrorMessage() -> getErrorMessage
    66:67:void setErrorMessage(java.lang.String) -> setErrorMessage
    92:95:java.util.List getEstaciones() -> getEstaciones
cl.imperial.estacionmantencion.ws.BuscaestBca -> cl.imperial.estacionmantencion.ws.BuscaestBca:
    java.lang.String est -> est
    32:32:void <init>() -> <init>
    45:45:java.lang.String getEst() -> getEst
    57:58:void setEst(java.lang.String) -> setEst
cl.imperial.estacionmantencion.ws.BuscaestBcaEstacion -> cl.imperial.estacionmantencion.ws.BuscaestBcaEstacion:
    java.lang.String codEmp -> codEmp
    java.lang.String descripcion -> descripcion
    java.lang.String estacion -> estacion
    java.lang.String estacionRandom -> estacionRandom
    java.lang.String sucursalRandom -> sucursalRandom
    java.lang.String tipoestacion -> tipoestacion
    42:42:void <init>() -> <init>
    60:60:java.lang.String getCodEmp() -> getCodEmp
    72:73:void setCodEmp(java.lang.String) -> setCodEmp
    84:84:java.lang.String getDescripcion() -> getDescripcion
    96:97:void setDescripcion(java.lang.String) -> setDescripcion
    108:108:java.lang.String getEstacion() -> getEstacion
    120:121:void setEstacion(java.lang.String) -> setEstacion
    132:132:java.lang.String getEstacionRandom() -> getEstacionRandom
    144:145:void setEstacionRandom(java.lang.String) -> setEstacionRandom
    156:156:java.lang.String getSucursalRandom() -> getSucursalRandom
    168:169:void setSucursalRandom(java.lang.String) -> setSucursalRandom
    180:180:java.lang.String getTipoestacion() -> getTipoestacion
    192:193:void setTipoestacion(java.lang.String) -> setTipoestacion
cl.imperial.estacionmantencion.ws.BuscaestBcaResponse -> cl.imperial.estacionmantencion.ws.BuscaestBcaResponse:
    cl.imperial.estacionmantencion.ws.BuscaestBcaResult buscaestBcaResult -> buscaestBcaResult
    32:32:void <init>() -> <init>
    45:45:cl.imperial.estacionmantencion.ws.BuscaestBcaResult getBuscaestBcaResult() -> getBuscaestBcaResult
    57:58:void setBuscaestBcaResult(cl.imperial.estacionmantencion.ws.BuscaestBcaResult) -> setBuscaestBcaResult
cl.imperial.estacionmantencion.ws.BuscaestBcaResult -> cl.imperial.estacionmantencion.ws.BuscaestBcaResult:
    java.lang.String errorMessage -> errorMessage
    java.util.List estaciones -> estaciones
    37:37:void <init>() -> <init>
    54:54:java.lang.String getErrorMessage() -> getErrorMessage
    66:67:void setErrorMessage(java.lang.String) -> setErrorMessage
    92:95:java.util.List getEstaciones() -> getEstaciones
cl.imperial.estacionmantencion.ws.BuscausuBca -> cl.imperial.estacionmantencion.ws.BuscausuBca:
    java.lang.String usuCodigo -> usuCodigo
    32:32:void <init>() -> <init>
    45:45:java.lang.String getUsuCodigo() -> getUsuCodigo
    57:58:void setUsuCodigo(java.lang.String) -> setUsuCodigo
cl.imperial.estacionmantencion.ws.BuscausuBcaEstacion -> cl.imperial.estacionmantencion.ws.BuscausuBcaEstacion:
    java.lang.String apellidoMat -> apellidoMat
    java.lang.String apellidoPat -> apellidoPat
    java.lang.String ciudad -> ciudad
    java.lang.String comuna -> comuna
    java.lang.String nombres -> nombres
    java.lang.String pais -> pais
    java.lang.String usuCodigo -> usuCodigo
    44:44:void <init>() -> <init>
    63:63:java.lang.String getApellidoMat() -> getApellidoMat
    75:76:void setApellidoMat(java.lang.String) -> setApellidoMat
    87:87:java.lang.String getApellidoPat() -> getApellidoPat
    99:100:void setApellidoPat(java.lang.String) -> setApellidoPat
    111:111:java.lang.String getCiudad() -> getCiudad
    123:124:void setCiudad(java.lang.String) -> setCiudad
    135:135:java.lang.String getComuna() -> getComuna
    147:148:void setComuna(java.lang.String) -> setComuna
    159:159:java.lang.String getNombres() -> getNombres
    171:172:void setNombres(java.lang.String) -> setNombres
    183:183:java.lang.String getPais() -> getPais
    195:196:void setPais(java.lang.String) -> setPais
    207:207:java.lang.String getUsuCodigo() -> getUsuCodigo
    219:220:void setUsuCodigo(java.lang.String) -> setUsuCodigo
cl.imperial.estacionmantencion.ws.BuscausuBcaResponse -> cl.imperial.estacionmantencion.ws.BuscausuBcaResponse:
    cl.imperial.estacionmantencion.ws.BuscausuBcaResult buscausuBcaResult -> buscausuBcaResult
    32:32:void <init>() -> <init>
    45:45:cl.imperial.estacionmantencion.ws.BuscausuBcaResult getBuscausuBcaResult() -> getBuscausuBcaResult
    57:58:void setBuscausuBcaResult(cl.imperial.estacionmantencion.ws.BuscausuBcaResult) -> setBuscausuBcaResult
cl.imperial.estacionmantencion.ws.BuscausuBcaResult -> cl.imperial.estacionmantencion.ws.BuscausuBcaResult:
    java.lang.String errorMessage -> errorMessage
    java.util.List estaciones -> estaciones
    37:37:void <init>() -> <init>
    54:54:java.lang.String getErrorMessage() -> getErrorMessage
    66:67:void setErrorMessage(java.lang.String) -> setErrorMessage
    92:95:java.util.List getEstaciones() -> getEstaciones
cl.imperial.estacionmantencion.ws.EliminaestEli -> cl.imperial.estacionmantencion.ws.EliminaestEli:
    java.lang.String est -> est
    32:32:void <init>() -> <init>
    45:45:java.lang.String getEst() -> getEst
    57:58:void setEst(java.lang.String) -> setEst
cl.imperial.estacionmantencion.ws.EliminaestEliResponse -> cl.imperial.estacionmantencion.ws.EliminaestEliResponse:
    cl.imperial.estacionmantencion.ws.EliminaestEliResult eliminaestEliResult -> eliminaestEliResult
    32:32:void <init>() -> <init>
    45:45:cl.imperial.estacionmantencion.ws.EliminaestEliResult getEliminaestEliResult() -> getEliminaestEliResult
    57:58:void setEliminaestEliResult(cl.imperial.estacionmantencion.ws.EliminaestEliResult) -> setEliminaestEliResult
cl.imperial.estacionmantencion.ws.EliminaestEliResult -> cl.imperial.estacionmantencion.ws.EliminaestEliResult:
    java.lang.String errorMessage -> errorMessage
    32:32:void <init>() -> <init>
    47:47:java.lang.String getErrorMessage() -> getErrorMessage
    59:60:void setErrorMessage(java.lang.String) -> setErrorMessage
cl.imperial.estacionmantencion.ws.EstacionMantencionWeb -> cl.imperial.estacionmantencion.ws.EstacionMantencionWeb:
    cl.imperial.estacionmantencion.ws.BuscaempBcaResult buscaempBca() -> buscaempBca
    cl.imperial.estacionmantencion.ws.BuscausuBcaResult buscausuBca(java.lang.String) -> buscausuBca
    cl.imperial.estacionmantencion.ws.BuscaestBcaResult buscaestBca(java.lang.String) -> buscaestBca
    cl.imperial.estacionmantencion.ws.EliminaestEliResult eliminaestEli(java.lang.String) -> eliminaestEli
    cl.imperial.estacionmantencion.ws.IngresaestInsResult ingresaestIns(java.lang.String,java.lang.String,java.lang.String,java.lang.String,java.lang.String,java.lang.String) -> ingresaestIns
cl.imperial.estacionmantencion.ws.EstacionMantencionWebException -> cl.imperial.estacionmantencion.ws.EstacionMantencionWebException:
    cl.imperial.estacionmantencion.ws.WebFaultInfo faultInfo -> faultInfo
    30:32:void <init>(java.lang.String,cl.imperial.estacionmantencion.ws.WebFaultInfo) -> <init>
    41:43:void <init>(java.lang.String,cl.imperial.estacionmantencion.ws.WebFaultInfo,java.lang.Throwable) -> <init>
    51:51:cl.imperial.estacionmantencion.ws.WebFaultInfo getFaultInfo() -> getFaultInfo
cl.imperial.estacionmantencion.ws.EstacionMantencionWebService -> cl.imperial.estacionmantencion.ws.EstacionMantencionWebService:
    java.net.URL ESTACIONMANTENCIONWEBSERVICE_WSDL_LOCATION -> a
    javax.xml.ws.WebServiceException ESTACIONMANTENCIONWEBSERVICE_EXCEPTION -> a
    javax.xml.namespace.QName ESTACIONMANTENCIONWEBSERVICE_QNAME -> a
    26:35:void <clinit>() -> <clinit>
    38:39:void <init>() -> <init>
    42:43:void <init>(javax.xml.ws.WebServiceFeature[]) -> <init>
    46:47:void <init>(java.net.URL) -> <init>
    50:51:void <init>(java.net.URL,javax.xml.ws.WebServiceFeature[]) -> <init>
    54:55:void <init>(java.net.URL,javax.xml.namespace.QName) -> <init>
    58:59:void <init>(java.net.URL,javax.xml.namespace.QName,javax.xml.ws.WebServiceFeature[]) -> <init>
    68:68:cl.imperial.estacionmantencion.ws.EstacionMantencionWeb getEstacionMantencionWebPort() -> getEstacionMantencionWebPort
    80:80:cl.imperial.estacionmantencion.ws.EstacionMantencionWeb getEstacionMantencionWebPort(javax.xml.ws.WebServiceFeature[]) -> getEstacionMantencionWebPort
    84:87:java.net.URL __getWsdlLocation() -> a
cl.imperial.estacionmantencion.ws.IngresaestIns -> cl.imperial.estacionmantencion.ws.IngresaestIns:
    java.lang.String est -> est
    java.lang.String emp -> emp
    java.lang.String tipoest -> tipoest
    java.lang.String desc -> desc
    java.lang.String sucran -> sucran
    java.lang.String estran -> estran
    42:42:void <init>() -> <init>
    60:60:java.lang.String getEst() -> getEst
    72:73:void setEst(java.lang.String) -> setEst
    84:84:java.lang.String getEmp() -> getEmp
    96:97:void setEmp(java.lang.String) -> setEmp
    108:108:java.lang.String getTipoest() -> getTipoest
    120:121:void setTipoest(java.lang.String) -> setTipoest
    132:132:java.lang.String getDesc() -> getDesc
    144:145:void setDesc(java.lang.String) -> setDesc
    156:156:java.lang.String getSucran() -> getSucran
    168:169:void setSucran(java.lang.String) -> setSucran
    180:180:java.lang.String getEstran() -> getEstran
    192:193:void setEstran(java.lang.String) -> setEstran
cl.imperial.estacionmantencion.ws.IngresaestInsRegistro -> cl.imperial.estacionmantencion.ws.IngresaestInsRegistro:
    java.lang.String ins -> ins
    32:32:void <init>() -> <init>
    45:45:java.lang.String getIns() -> getIns
    57:58:void setIns(java.lang.String) -> setIns
cl.imperial.estacionmantencion.ws.IngresaestInsResponse -> cl.imperial.estacionmantencion.ws.IngresaestInsResponse:
    cl.imperial.estacionmantencion.ws.IngresaestInsResult ingresaestInsResult -> ingresaestInsResult
    32:32:void <init>() -> <init>
    45:45:cl.imperial.estacionmantencion.ws.IngresaestInsResult getIngresaestInsResult() -> getIngresaestInsResult
    57:58:void setIngresaestInsResult(cl.imperial.estacionmantencion.ws.IngresaestInsResult) -> setIngresaestInsResult
cl.imperial.estacionmantencion.ws.IngresaestInsResult -> cl.imperial.estacionmantencion.ws.IngresaestInsResult:
    java.lang.String errorMessage -> errorMessage
    java.util.List registros -> registros
    37:37:void <init>() -> <init>
    54:54:java.lang.String getErrorMessage() -> getErrorMessage
    66:67:void setErrorMessage(java.lang.String) -> setErrorMessage
    92:95:java.util.List getRegistros() -> getRegistros
cl.imperial.estacionmantencion.ws.ObjectFactory -> cl.imperial.estacionmantencion.ws.ObjectFactory:
    javax.xml.namespace.QName _BuscaempBca_QNAME -> a
    javax.xml.namespace.QName _BuscaempBcaEstacion_QNAME -> b
    javax.xml.namespace.QName _BuscaempBcaResponse_QNAME -> c
    javax.xml.namespace.QName _BuscaempBcaResult_QNAME -> d
    javax.xml.namespace.QName _BuscaestBca_QNAME -> e
    javax.xml.namespace.QName _BuscaestBcaEstacion_QNAME -> f
    javax.xml.namespace.QName _BuscaestBcaResponse_QNAME -> g
    javax.xml.namespace.QName _BuscaestBcaResult_QNAME -> h
    javax.xml.namespace.QName _BuscausuBca_QNAME -> i
    javax.xml.namespace.QName _BuscausuBcaEstacion_QNAME -> j
    javax.xml.namespace.QName _BuscausuBcaResponse_QNAME -> k
    javax.xml.namespace.QName _BuscausuBcaResult_QNAME -> l
    javax.xml.namespace.QName _EliminaestEli_QNAME -> m
    javax.xml.namespace.QName _EliminaestEliResponse_QNAME -> n
    javax.xml.namespace.QName _EliminaestEliResult_QNAME -> o
    javax.xml.namespace.QName _Faultinfo_QNAME -> p
    javax.xml.namespace.QName _IngresaestIns_QNAME -> q
    javax.xml.namespace.QName _IngresaestInsRegistro_QNAME -> r
    javax.xml.namespace.QName _IngresaestInsResponse_QNAME -> s
    javax.xml.namespace.QName _IngresaestInsResult_QNAME -> t
    javax.xml.namespace.QName _WebFaultInfo_QNAME -> u
    27:47:void <clinit>() -> <clinit>
    53:54:void <init>() -> <init>
    61:61:cl.imperial.estacionmantencion.ws.BuscaempBca createBuscaempBca() -> createBuscaempBca
    69:69:cl.imperial.estacionmantencion.ws.BuscaempBcaEstacion createBuscaempBcaEstacion() -> createBuscaempBcaEstacion
    77:77:cl.imperial.estacionmantencion.ws.BuscaempBcaResponse createBuscaempBcaResponse() -> createBuscaempBcaResponse
    85:85:cl.imperial.estacionmantencion.ws.BuscaempBcaResult createBuscaempBcaResult() -> createBuscaempBcaResult
    93:93:cl.imperial.estacionmantencion.ws.BuscaestBca createBuscaestBca() -> createBuscaestBca
    101:101:cl.imperial.estacionmantencion.ws.BuscaestBcaEstacion createBuscaestBcaEstacion() -> createBuscaestBcaEstacion
    109:109:cl.imperial.estacionmantencion.ws.BuscaestBcaResponse createBuscaestBcaResponse() -> createBuscaestBcaResponse
    117:117:cl.imperial.estacionmantencion.ws.BuscaestBcaResult createBuscaestBcaResult() -> createBuscaestBcaResult
    125:125:cl.imperial.estacionmantencion.ws.BuscausuBca createBuscausuBca() -> createBuscausuBca
    133:133:cl.imperial.estacionmantencion.ws.BuscausuBcaEstacion createBuscausuBcaEstacion() -> createBuscausuBcaEstacion
    141:141:cl.imperial.estacionmantencion.ws.BuscausuBcaResponse createBuscausuBcaResponse() -> createBuscausuBcaResponse
    149:149:cl.imperial.estacionmantencion.ws.BuscausuBcaResult createBuscausuBcaResult() -> createBuscausuBcaResult
    157:157:cl.imperial.estacionmantencion.ws.EliminaestEli createEliminaestEli() -> createEliminaestEli
    165:165:cl.imperial.estacionmantencion.ws.EliminaestEliResponse createEliminaestEliResponse() -> createEliminaestEliResponse
    173:173:cl.imperial.estacionmantencion.ws.EliminaestEliResult createEliminaestEliResult() -> createEliminaestEliResult
    181:181:cl.imperial.estacionmantencion.ws.WebFaultInfo createWebFaultInfo() -> createWebFaultInfo
    189:189:cl.imperial.estacionmantencion.ws.IngresaestIns createIngresaestIns() -> createIngresaestIns
    197:197:cl.imperial.estacionmantencion.ws.IngresaestInsRegistro createIngresaestInsRegistro() -> createIngresaestInsRegistro
    205:205:cl.imperial.estacionmantencion.ws.IngresaestInsResponse createIngresaestInsResponse() -> createIngresaestInsResponse
    213:213:cl.imperial.estacionmantencion.ws.IngresaestInsResult createIngresaestInsResult() -> createIngresaestInsResult
    226:226:javax.xml.bind.JAXBElement createBuscaempBca(cl.imperial.estacionmantencion.ws.BuscaempBca) -> createBuscaempBca
    239:239:javax.xml.bind.JAXBElement createBuscaempBcaEstacion(cl.imperial.estacionmantencion.ws.BuscaempBcaEstacion) -> createBuscaempBcaEstacion
    252:252:javax.xml.bind.JAXBElement createBuscaempBcaResponse(cl.imperial.estacionmantencion.ws.BuscaempBcaResponse) -> createBuscaempBcaResponse
    265:265:javax.xml.bind.JAXBElement createBuscaempBcaResult(cl.imperial.estacionmantencion.ws.BuscaempBcaResult) -> createBuscaempBcaResult
    278:278:javax.xml.bind.JAXBElement createBuscaestBca(cl.imperial.estacionmantencion.ws.BuscaestBca) -> createBuscaestBca
    291:291:javax.xml.bind.JAXBElement createBuscaestBcaEstacion(cl.imperial.estacionmantencion.ws.BuscaestBcaEstacion) -> createBuscaestBcaEstacion
    304:304:javax.xml.bind.JAXBElement createBuscaestBcaResponse(cl.imperial.estacionmantencion.ws.BuscaestBcaResponse) -> createBuscaestBcaResponse
    317:317:javax.xml.bind.JAXBElement createBuscaestBcaResult(cl.imperial.estacionmantencion.ws.BuscaestBcaResult) -> createBuscaestBcaResult
    330:330:javax.xml.bind.JAXBElement createBuscausuBca(cl.imperial.estacionmantencion.ws.BuscausuBca) -> createBuscausuBca
    343:343:javax.xml.bind.JAXBElement createBuscausuBcaEstacion(cl.imperial.estacionmantencion.ws.BuscausuBcaEstacion) -> createBuscausuBcaEstacion
    356:356:javax.xml.bind.JAXBElement createBuscausuBcaResponse(cl.imperial.estacionmantencion.ws.BuscausuBcaResponse) -> createBuscausuBcaResponse
    369:369:javax.xml.bind.JAXBElement createBuscausuBcaResult(cl.imperial.estacionmantencion.ws.BuscausuBcaResult) -> createBuscausuBcaResult
    382:382:javax.xml.bind.JAXBElement createEliminaestEli(cl.imperial.estacionmantencion.ws.EliminaestEli) -> createEliminaestEli
    395:395:javax.xml.bind.JAXBElement createEliminaestEliResponse(cl.imperial.estacionmantencion.ws.EliminaestEliResponse) -> createEliminaestEliResponse
    408:408:javax.xml.bind.JAXBElement createEliminaestEliResult(cl.imperial.estacionmantencion.ws.EliminaestEliResult) -> createEliminaestEliResult
    421:421:javax.xml.bind.JAXBElement createFaultinfo(cl.imperial.estacionmantencion.ws.WebFaultInfo) -> createFaultinfo
    434:434:javax.xml.bind.JAXBElement createIngresaestIns(cl.imperial.estacionmantencion.ws.IngresaestIns) -> createIngresaestIns
    447:447:javax.xml.bind.JAXBElement createIngresaestInsRegistro(cl.imperial.estacionmantencion.ws.IngresaestInsRegistro) -> createIngresaestInsRegistro
    460:460:javax.xml.bind.JAXBElement createIngresaestInsResponse(cl.imperial.estacionmantencion.ws.IngresaestInsResponse) -> createIngresaestInsResponse
    473:473:javax.xml.bind.JAXBElement createIngresaestInsResult(cl.imperial.estacionmantencion.ws.IngresaestInsResult) -> createIngresaestInsResult
    486:486:javax.xml.bind.JAXBElement createWebFaultInfo(cl.imperial.estacionmantencion.ws.WebFaultInfo) -> createWebFaultInfo
cl.imperial.estacionmantencion.ws.ProcedureResult -> cl.imperial.estacionmantencion.ws.ProcedureResult:
    37:37:void <init>() -> <init>
cl.imperial.estacionmantencion.ws.WebFaultInfo -> cl.imperial.estacionmantencion.ws.WebFaultInfo:
    java.lang.Integer errorCode -> errorCode
    java.lang.String sqlState -> sqlState
    java.lang.String subject -> subject
    36:36:void <init>() -> <init>
    51:51:java.lang.Integer getErrorCode() -> getErrorCode
    63:64:void setErrorCode(java.lang.Integer) -> setErrorCode
    75:75:java.lang.String getSqlState() -> getSqlState
    87:88:void setSqlState(java.lang.String) -> setSqlState
    99:99:java.lang.String getSubject() -> getSubject
    111:112:void setSubject(java.lang.String) -> setSubject
cl.imperial.estacionmantencion.ws.package-info -> cl.imperial.estacionmantencion.ws.package-info:
