cl.imperial.tipodocumento.MainTipoDocumento -> cl.imperial.tipodocumento.MainTipoDocumento:
    cl.obcom.desktopfx.core.DesktopTask task -> a
    cl.imperial.tipodocumento.ws.TipoDocumentoWeb port -> a
    java.lang.String entidad -> a
    java.lang.String rut -> b
    javafx.scene.control.ToggleGroup boletaFactura -> a
    javafx.scene.control.RadioButton boletaRadioButton -> a
    javafx.scene.control.RadioButton facturaRadioButton -> b
    javafx.scene.control.Label Boletalbl -> a
    javafx.scene.control.Label Facturalbl -> b
    javafx.scene.control.Label Rutlbl -> c
    javafx.scene.control.Label CodEntidadlbl -> d
    javafx.scene.control.Label Nombrelbl -> e
    javafx.scene.control.Label PagoCMRlbl -> f
    javafx.scene.control.TextField RutText -> a
    javafx.scene.control.TextField Rut2Text -> b
    javafx.scene.control.TextField CodEntidadText -> c
    javafx.scene.control.TextField CodEntidad2Text -> d
    javafx.scene.control.TextField NombreText -> e
    javafx.scene.control.CheckBox checkBoxPagoCMR -> a
    javafx.scene.control.Button pagoCMRButton -> a
    54:250:void <init>(cl.obcom.desktopfx.core.DesktopTask) -> <init>
    329:330:void boleta() -> a
    121:121:void lambda$0(javafx.event.ActionEvent) -> a
    131:131:void lambda$1(javafx.event.ActionEvent) -> b
    1339:1340:void factura():339:340 -> b
    1339:1340:void lambda$1(javafx.event.ActionEvent):131 -> b
    168:168:void lambda$2(javafx.scene.input.KeyEvent) -> a
    2269:2276:void onRutKeyPressed(javafx.scene.input.KeyEvent):269:276 -> a
    2269:2276:void lambda$2(javafx.scene.input.KeyEvent):168 -> a
    2284:2307:void buscarPorRut():284:307 -> a
    2284:2307:void onRutKeyPressed(javafx.scene.input.KeyEvent):271 -> a
    2284:2307:void lambda$2(javafx.scene.input.KeyEvent):168 -> a
    2316:2320:void onClear():316:320 -> a
    2316:2320:void buscarPorRut():288 -> a
    2316:2320:void onRutKeyPressed(javafx.scene.input.KeyEvent):271 -> a
    2316:2320:void lambda$2(javafx.scene.input.KeyEvent):168 -> a
    185:185:void lambda$3(javafx.event.ActionEvent) -> c
    236:236:void lambda$4(javafx.event.ActionEvent) -> d
    2348:2365:void Aceptar$4fe5dc70():348:365 -> d
    2348:2365:void lambda$4(javafx.event.ActionEvent):236 -> d
    249:249:void lambda$5(cl.obcom.desktopfx.core.TaskEvent) -> a
    3258:3259:void onTaskStateRequest(cl.obcom.desktopfx.core.TaskEvent):258:259 -> a
    3258:3259:void lambda$5(cl.obcom.desktopfx.core.TaskEvent):249 -> a
    361:361:void lambda$6(cl.obcom.desktopfx.core.ModalEvent) -> a
cl.imperial.tipodocumento.TipoDctoDate -> cl.imperial.tipodocumento.TipoDctoDate:
    javafx.beans.property.StringProperty rut -> a
    javafx.beans.property.StringProperty codEntidad -> b
    javafx.beans.property.StringProperty cod_sucursal -> c
    javafx.beans.property.StringProperty credito -> d
    javafx.beans.property.StringProperty lista_precio -> e
    29:35:void <init>() -> <init>
    42:47:void clear() -> clear
    57:62:void copyFrom(cl.imperial.tipodocumento.TipoDctoDate) -> copyFrom
    74:74:javafx.beans.property.StringProperty rutProperty() -> rutProperty
    83:83:java.lang.String getRut() -> getRut
    93:94:void setrut(java.lang.String) -> setrut
    106:106:javafx.beans.property.StringProperty codEntidadProperty() -> codEntidadProperty
    115:115:java.lang.String getCodEntidad() -> getCodEntidad
    125:126:void setCodEntidad(java.lang.String) -> setCodEntidad
    138:138:javafx.beans.property.StringProperty codSucursalProperty() -> codSucursalProperty
    147:147:java.lang.String getCodSucursal() -> getCodSucursal
    157:158:void setCodSucursal(java.lang.String) -> setCodSucursal
    170:170:javafx.beans.property.StringProperty CreditoProperty() -> CreditoProperty
    179:179:java.lang.String getCredito() -> getCredito
    189:190:void setCredito(java.lang.String) -> setCredito
    202:202:javafx.beans.property.StringProperty lista_precioProperty() -> lista_precioProperty
    211:211:java.lang.String getlista_precio() -> getlista_precio
    221:222:void setlista_precio(java.lang.String) -> setlista_precio
cl.imperial.tipodocumento.ws.BuscaclienterutBca -> cl.imperial.tipodocumento.ws.BuscaclienterutBca:
    java.lang.String vrutCliente -> vrutCliente
    32:32:void <init>() -> <init>
    45:45:java.lang.String getVrutCliente() -> getVrutCliente
    57:58:void setVrutCliente(java.lang.String) -> setVrutCliente
cl.imperial.tipodocumento.ws.BuscaclienterutBcaCliente -> cl.imperial.tipodocumento.ws.BuscaclienterutBcaCliente:
    java.lang.String cliCategoria -> cliCategoria
    java.lang.String cliente -> cliente
    java.lang.String codEntidad -> codEntidad
    java.lang.String codSucursal -> codSucursal
    java.lang.String credAbiertoDoc -> credAbiertoDoc
    java.lang.String credito -> credito
    java.lang.String dvCliente -> dvCliente
    java.lang.String estado -> estado
    java.lang.String estadoCliente -> estadoCliente
    java.lang.String idCliente -> idCliente
    java.lang.String listaPrecio -> listaPrecio
    java.lang.String materno -> materno
    java.lang.String nombre -> nombre
    java.lang.String paterno -> paterno
    java.lang.String plazo -> plazo
    java.lang.String rutCliente -> rutCliente
    java.lang.String tipopersonalidad -> tipopersonalidad
    64:64:void <init>() -> <init>
    93:93:java.lang.String getCliCategoria() -> getCliCategoria
    105:106:void setCliCategoria(java.lang.String) -> setCliCategoria
    117:117:java.lang.String getCliente() -> getCliente
    129:130:void setCliente(java.lang.String) -> setCliente
    141:141:java.lang.String getCodEntidad() -> getCodEntidad
    153:154:void setCodEntidad(java.lang.String) -> setCodEntidad
    165:165:java.lang.String getCodSucursal() -> getCodSucursal
    177:178:void setCodSucursal(java.lang.String) -> setCodSucursal
    189:189:java.lang.String getCredAbiertoDoc() -> getCredAbiertoDoc
    201:202:void setCredAbiertoDoc(java.lang.String) -> setCredAbiertoDoc
    213:213:java.lang.String getCredito() -> getCredito
    225:226:void setCredito(java.lang.String) -> setCredito
    237:237:java.lang.String getDvCliente() -> getDvCliente
    249:250:void setDvCliente(java.lang.String) -> setDvCliente
    261:261:java.lang.String getEstado() -> getEstado
    273:274:void setEstado(java.lang.String) -> setEstado
    285:285:java.lang.String getEstadoCliente() -> getEstadoCliente
    297:298:void setEstadoCliente(java.lang.String) -> setEstadoCliente
    309:309:java.lang.String getIdCliente() -> getIdCliente
    321:322:void setIdCliente(java.lang.String) -> setIdCliente
    333:333:java.lang.String getListaPrecio() -> getListaPrecio
    345:346:void setListaPrecio(java.lang.String) -> setListaPrecio
    357:357:java.lang.String getMaterno() -> getMaterno
    369:370:void setMaterno(java.lang.String) -> setMaterno
    381:381:java.lang.String getNombre() -> getNombre
    393:394:void setNombre(java.lang.String) -> setNombre
    405:405:java.lang.String getPaterno() -> getPaterno
    417:418:void setPaterno(java.lang.String) -> setPaterno
    429:429:java.lang.String getPlazo() -> getPlazo
    441:442:void setPlazo(java.lang.String) -> setPlazo
    453:453:java.lang.String getRutCliente() -> getRutCliente
    465:466:void setRutCliente(java.lang.String) -> setRutCliente
    477:477:java.lang.String getTipopersonalidad() -> getTipopersonalidad
    489:490:void setTipopersonalidad(java.lang.String) -> setTipopersonalidad
cl.imperial.tipodocumento.ws.BuscaclienterutBcaResponse -> cl.imperial.tipodocumento.ws.BuscaclienterutBcaResponse:
    cl.imperial.tipodocumento.ws.BuscaclienterutBcaResult buscaclienterutBcaResult -> buscaclienterutBcaResult
    32:32:void <init>() -> <init>
    45:45:cl.imperial.tipodocumento.ws.BuscaclienterutBcaResult getBuscaclienterutBcaResult() -> getBuscaclienterutBcaResult
    57:58:void setBuscaclienterutBcaResult(cl.imperial.tipodocumento.ws.BuscaclienterutBcaResult) -> setBuscaclienterutBcaResult
cl.imperial.tipodocumento.ws.BuscaclienterutBcaResult -> cl.imperial.tipodocumento.ws.BuscaclienterutBcaResult:
    java.util.List clientes -> clientes
    java.lang.String errorMessage -> errorMessage
    37:37:void <init>() -> <init>
    68:71:java.util.List getClientes() -> getClientes
    83:83:java.lang.String getErrorMessage() -> getErrorMessage
    95:96:void setErrorMessage(java.lang.String) -> setErrorMessage
cl.imperial.tipodocumento.ws.ObjectFactory -> cl.imperial.tipodocumento.ws.ObjectFactory:
    javax.xml.namespace.QName _BuscaclienterutBca_QNAME -> a
    javax.xml.namespace.QName _BuscaclienterutBcaCliente_QNAME -> b
    javax.xml.namespace.QName _BuscaclienterutBcaResponse_QNAME -> c
    javax.xml.namespace.QName _BuscaclienterutBcaResult_QNAME -> d
    javax.xml.namespace.QName _Faultinfo_QNAME -> e
    javax.xml.namespace.QName _WebFaultInfo_QNAME -> f
    27:32:void <clinit>() -> <clinit>
    38:39:void <init>() -> <init>
    46:46:cl.imperial.tipodocumento.ws.BuscaclienterutBca createBuscaclienterutBca() -> createBuscaclienterutBca
    54:54:cl.imperial.tipodocumento.ws.BuscaclienterutBcaCliente createBuscaclienterutBcaCliente() -> createBuscaclienterutBcaCliente
    62:62:cl.imperial.tipodocumento.ws.BuscaclienterutBcaResponse createBuscaclienterutBcaResponse() -> createBuscaclienterutBcaResponse
    70:70:cl.imperial.tipodocumento.ws.BuscaclienterutBcaResult createBuscaclienterutBcaResult() -> createBuscaclienterutBcaResult
    78:78:cl.imperial.tipodocumento.ws.WebFaultInfo createWebFaultInfo() -> createWebFaultInfo
    91:91:javax.xml.bind.JAXBElement createBuscaclienterutBca(cl.imperial.tipodocumento.ws.BuscaclienterutBca) -> createBuscaclienterutBca
    104:104:javax.xml.bind.JAXBElement createBuscaclienterutBcaCliente(cl.imperial.tipodocumento.ws.BuscaclienterutBcaCliente) -> createBuscaclienterutBcaCliente
    117:117:javax.xml.bind.JAXBElement createBuscaclienterutBcaResponse(cl.imperial.tipodocumento.ws.BuscaclienterutBcaResponse) -> createBuscaclienterutBcaResponse
    130:130:javax.xml.bind.JAXBElement createBuscaclienterutBcaResult(cl.imperial.tipodocumento.ws.BuscaclienterutBcaResult) -> createBuscaclienterutBcaResult
    143:143:javax.xml.bind.JAXBElement createFaultinfo(cl.imperial.tipodocumento.ws.WebFaultInfo) -> createFaultinfo
    156:156:javax.xml.bind.JAXBElement createWebFaultInfo(cl.imperial.tipodocumento.ws.WebFaultInfo) -> createWebFaultInfo
cl.imperial.tipodocumento.ws.ProcedureResult -> cl.imperial.tipodocumento.ws.ProcedureResult:
    33:33:void <init>() -> <init>
cl.imperial.tipodocumento.ws.TipoDocumentoWeb -> cl.imperial.tipodocumento.ws.TipoDocumentoWeb:
    cl.imperial.tipodocumento.ws.BuscaclienterutBcaResult buscaclienterutBca(java.lang.String) -> buscaclienterutBca
cl.imperial.tipodocumento.ws.TipoDocumentoWebException -> cl.imperial.tipodocumento.ws.TipoDocumentoWebException:
    cl.imperial.tipodocumento.ws.WebFaultInfo faultInfo -> faultInfo
    30:32:void <init>(java.lang.String,cl.imperial.tipodocumento.ws.WebFaultInfo) -> <init>
    41:43:void <init>(java.lang.String,cl.imperial.tipodocumento.ws.WebFaultInfo,java.lang.Throwable) -> <init>
    51:51:cl.imperial.tipodocumento.ws.WebFaultInfo getFaultInfo() -> getFaultInfo
cl.imperial.tipodocumento.ws.TipoDocumentoWebService -> cl.imperial.tipodocumento.ws.TipoDocumentoWebService:
    java.net.URL TIPODOCUMENTOWEBSERVICE_WSDL_LOCATION -> a
    javax.xml.ws.WebServiceException TIPODOCUMENTOWEBSERVICE_EXCEPTION -> a
    javax.xml.namespace.QName TIPODOCUMENTOWEBSERVICE_QNAME -> a
    26:35:void <clinit>() -> <clinit>
    38:39:void <init>() -> <init>
    42:43:void <init>(javax.xml.ws.WebServiceFeature[]) -> <init>
    46:47:void <init>(java.net.URL) -> <init>
    50:51:void <init>(java.net.URL,javax.xml.ws.WebServiceFeature[]) -> <init>
    54:55:void <init>(java.net.URL,javax.xml.namespace.QName) -> <init>
    58:59:void <init>(java.net.URL,javax.xml.namespace.QName,javax.xml.ws.WebServiceFeature[]) -> <init>
    68:68:cl.imperial.tipodocumento.ws.TipoDocumentoWeb getTipoDocumentoWebPort() -> getTipoDocumentoWebPort
    80:80:cl.imperial.tipodocumento.ws.TipoDocumentoWeb getTipoDocumentoWebPort(javax.xml.ws.WebServiceFeature[]) -> getTipoDocumentoWebPort
    84:87:java.net.URL __getWsdlLocation() -> a
cl.imperial.tipodocumento.ws.WebFaultInfo -> cl.imperial.tipodocumento.ws.WebFaultInfo:
    java.lang.Integer errorCode -> errorCode
    java.lang.String sqlState -> sqlState
    java.lang.String subject -> subject
    36:36:void <init>() -> <init>
    51:51:java.lang.Integer getErrorCode() -> getErrorCode
    63:64:void setErrorCode(java.lang.Integer) -> setErrorCode
    75:75:java.lang.String getSqlState() -> getSqlState
    87:88:void setSqlState(java.lang.String) -> setSqlState
    99:99:java.lang.String getSubject() -> getSubject
    111:112:void setSubject(java.lang.String) -> setSubject
cl.imperial.tipodocumento.ws.package-info -> cl.imperial.tipodocumento.ws.package-info:
