cl.imperial.autorizadorventa.Main -> cl.imperial.autorizadorventa.Main:
    cl.obcom.desktopfx.core.DesktopTask task -> a
    cl.imperial.autorizadorventa.ws.AutorizadorVentaWeb port -> a
    javafx.scene.control.Label Entidadlbl -> a
    javafx.scene.control.Label Razonsocialbl -> b
    javafx.scene.control.Label Estadolbl -> c
    javafx.scene.control.TextField EntidadText -> a
    javafx.scene.control.TextField NumeroVerifText -> b
    javafx.scene.control.TextField CodSucursalText -> c
    javafx.scene.control.TextField RazonSocialText -> d
    javafx.scene.control.TextField EstadoText -> e
    javafx.scene.control.Button PuntosButton -> a
    javafx.scene.control.Button CancelarButton -> b
    javafx.scene.control.Button AceptarButton -> c
    45:208:void <init>(cl.obcom.desktopfx.core.DesktopTask) -> <init>
    100:100:void lambda$0(javafx.scene.input.KeyEvent) -> a
    1227:1236:void onRutKeyPressed(javafx.scene.input.KeyEvent):227:236 -> a
    1227:1236:void lambda$0(javafx.scene.input.KeyEvent):100 -> a
    1247:1265:void buscarPorRut$14e1ec6d(java.lang.String):247:265 -> a
    1247:1265:void onRutKeyPressed(javafx.scene.input.KeyEvent):231 -> a
    1247:1265:void lambda$0(javafx.scene.input.KeyEvent):100 -> a
    180:180:void lambda$1(cl.obcom.desktopfx.core.DesktopTask,javafx.event.ActionEvent) -> a
    207:207:void lambda$2(cl.obcom.desktopfx.core.TaskEvent) -> a
    2216:2217:void onTaskStateRequest(cl.obcom.desktopfx.core.TaskEvent):216:217 -> a
    2216:2217:void lambda$2(cl.obcom.desktopfx.core.TaskEvent):207 -> a
cl.imperial.autorizadorventa.ws.AutorizadorVentaWeb -> cl.imperial.autorizadorventa.ws.AutorizadorVentaWeb:
    cl.imperial.autorizadorventa.ws.BuscaclienterutBcaResult buscaclienterutBca(java.lang.String,java.lang.String,java.lang.String) -> buscaclienterutBca
cl.imperial.autorizadorventa.ws.AutorizadorVentaWebException -> cl.imperial.autorizadorventa.ws.AutorizadorVentaWebException:
    cl.imperial.autorizadorventa.ws.WebFaultInfo faultInfo -> faultInfo
    30:32:void <init>(java.lang.String,cl.imperial.autorizadorventa.ws.WebFaultInfo) -> <init>
    41:43:void <init>(java.lang.String,cl.imperial.autorizadorventa.ws.WebFaultInfo,java.lang.Throwable) -> <init>
    51:51:cl.imperial.autorizadorventa.ws.WebFaultInfo getFaultInfo() -> getFaultInfo
cl.imperial.autorizadorventa.ws.AutorizadorVentaWebService -> cl.imperial.autorizadorventa.ws.AutorizadorVentaWebService:
    java.net.URL AUTORIZADORVENTAWEBSERVICE_WSDL_LOCATION -> a
    javax.xml.ws.WebServiceException AUTORIZADORVENTAWEBSERVICE_EXCEPTION -> a
    javax.xml.namespace.QName AUTORIZADORVENTAWEBSERVICE_QNAME -> a
    26:35:void <clinit>() -> <clinit>
    38:39:void <init>() -> <init>
    42:43:void <init>(javax.xml.ws.WebServiceFeature[]) -> <init>
    46:47:void <init>(java.net.URL) -> <init>
    50:51:void <init>(java.net.URL,javax.xml.ws.WebServiceFeature[]) -> <init>
    54:55:void <init>(java.net.URL,javax.xml.namespace.QName) -> <init>
    58:59:void <init>(java.net.URL,javax.xml.namespace.QName,javax.xml.ws.WebServiceFeature[]) -> <init>
    68:68:cl.imperial.autorizadorventa.ws.AutorizadorVentaWeb getAutorizadorVentaWebPort() -> getAutorizadorVentaWebPort
    80:80:cl.imperial.autorizadorventa.ws.AutorizadorVentaWeb getAutorizadorVentaWebPort(javax.xml.ws.WebServiceFeature[]) -> getAutorizadorVentaWebPort
    84:87:java.net.URL __getWsdlLocation() -> a
cl.imperial.autorizadorventa.ws.BuscaclienterutBca -> cl.imperial.autorizadorventa.ws.BuscaclienterutBca:
    java.lang.String rutCliente -> rutCliente
    java.lang.String codEntidad -> codEntidad
    java.lang.String codSucursal -> codSucursal
    36:36:void <init>() -> <init>
    51:51:java.lang.String getRutCliente() -> getRutCliente
    63:64:void setRutCliente(java.lang.String) -> setRutCliente
    75:75:java.lang.String getCodEntidad() -> getCodEntidad
    87:88:void setCodEntidad(java.lang.String) -> setCodEntidad
    99:99:java.lang.String getCodSucursal() -> getCodSucursal
    111:112:void setCodSucursal(java.lang.String) -> setCodSucursal
cl.imperial.autorizadorventa.ws.BuscaclienterutBcaCliente -> cl.imperial.autorizadorventa.ws.BuscaclienterutBcaCliente:
    java.lang.String cliente -> cliente
    java.lang.String codEntidad -> codEntidad
    java.lang.String codSucursal -> codSucursal
    java.lang.String dvCliente -> dvCliente
    java.lang.String estado -> estado
    java.lang.String rutCliente -> rutCliente
    java.lang.String valido -> valido
    44:44:void <init>() -> <init>
    63:63:java.lang.String getCliente() -> getCliente
    75:76:void setCliente(java.lang.String) -> setCliente
    87:87:java.lang.String getCodEntidad() -> getCodEntidad
    99:100:void setCodEntidad(java.lang.String) -> setCodEntidad
    111:111:java.lang.String getCodSucursal() -> getCodSucursal
    123:124:void setCodSucursal(java.lang.String) -> setCodSucursal
    135:135:java.lang.String getDvCliente() -> getDvCliente
    147:148:void setDvCliente(java.lang.String) -> setDvCliente
    159:159:java.lang.String getEstado() -> getEstado
    171:172:void setEstado(java.lang.String) -> setEstado
    183:183:java.lang.String getRutCliente() -> getRutCliente
    195:196:void setRutCliente(java.lang.String) -> setRutCliente
    207:207:java.lang.String getValido() -> getValido
    219:220:void setValido(java.lang.String) -> setValido
cl.imperial.autorizadorventa.ws.BuscaclienterutBcaResponse -> cl.imperial.autorizadorventa.ws.BuscaclienterutBcaResponse:
    cl.imperial.autorizadorventa.ws.BuscaclienterutBcaResult buscaclienterutBcaResult -> buscaclienterutBcaResult
    32:32:void <init>() -> <init>
    45:45:cl.imperial.autorizadorventa.ws.BuscaclienterutBcaResult getBuscaclienterutBcaResult() -> getBuscaclienterutBcaResult
    57:58:void setBuscaclienterutBcaResult(cl.imperial.autorizadorventa.ws.BuscaclienterutBcaResult) -> setBuscaclienterutBcaResult
cl.imperial.autorizadorventa.ws.BuscaclienterutBcaResult -> cl.imperial.autorizadorventa.ws.BuscaclienterutBcaResult:
    java.util.List clientes -> clientes
    java.lang.String errorMessage -> errorMessage
    37:37:void <init>() -> <init>
    68:71:java.util.List getClientes() -> getClientes
    83:83:java.lang.String getErrorMessage() -> getErrorMessage
    95:96:void setErrorMessage(java.lang.String) -> setErrorMessage
cl.imperial.autorizadorventa.ws.ObjectFactory -> cl.imperial.autorizadorventa.ws.ObjectFactory:
    javax.xml.namespace.QName _BuscaclienterutBca_QNAME -> a
    javax.xml.namespace.QName _BuscaclienterutBcaCliente_QNAME -> b
    javax.xml.namespace.QName _BuscaclienterutBcaResponse_QNAME -> c
    javax.xml.namespace.QName _BuscaclienterutBcaResult_QNAME -> d
    javax.xml.namespace.QName _Faultinfo_QNAME -> e
    javax.xml.namespace.QName _WebFaultInfo_QNAME -> f
    27:32:void <clinit>() -> <clinit>
    38:39:void <init>() -> <init>
    46:46:cl.imperial.autorizadorventa.ws.BuscaclienterutBca createBuscaclienterutBca() -> createBuscaclienterutBca
    54:54:cl.imperial.autorizadorventa.ws.BuscaclienterutBcaCliente createBuscaclienterutBcaCliente() -> createBuscaclienterutBcaCliente
    62:62:cl.imperial.autorizadorventa.ws.BuscaclienterutBcaResponse createBuscaclienterutBcaResponse() -> createBuscaclienterutBcaResponse
    70:70:cl.imperial.autorizadorventa.ws.BuscaclienterutBcaResult createBuscaclienterutBcaResult() -> createBuscaclienterutBcaResult
    78:78:cl.imperial.autorizadorventa.ws.WebFaultInfo createWebFaultInfo() -> createWebFaultInfo
    91:91:javax.xml.bind.JAXBElement createBuscaclienterutBca(cl.imperial.autorizadorventa.ws.BuscaclienterutBca) -> createBuscaclienterutBca
    104:104:javax.xml.bind.JAXBElement createBuscaclienterutBcaCliente(cl.imperial.autorizadorventa.ws.BuscaclienterutBcaCliente) -> createBuscaclienterutBcaCliente
    117:117:javax.xml.bind.JAXBElement createBuscaclienterutBcaResponse(cl.imperial.autorizadorventa.ws.BuscaclienterutBcaResponse) -> createBuscaclienterutBcaResponse
    130:130:javax.xml.bind.JAXBElement createBuscaclienterutBcaResult(cl.imperial.autorizadorventa.ws.BuscaclienterutBcaResult) -> createBuscaclienterutBcaResult
    143:143:javax.xml.bind.JAXBElement createFaultinfo(cl.imperial.autorizadorventa.ws.WebFaultInfo) -> createFaultinfo
    156:156:javax.xml.bind.JAXBElement createWebFaultInfo(cl.imperial.autorizadorventa.ws.WebFaultInfo) -> createWebFaultInfo
cl.imperial.autorizadorventa.ws.ProcedureResult -> cl.imperial.autorizadorventa.ws.ProcedureResult:
    33:33:void <init>() -> <init>
cl.imperial.autorizadorventa.ws.WebFaultInfo -> cl.imperial.autorizadorventa.ws.WebFaultInfo:
    java.lang.Integer errorCode -> errorCode
    java.lang.String sqlState -> sqlState
    java.lang.String subject -> subject
    36:36:void <init>() -> <init>
    51:51:java.lang.Integer getErrorCode() -> getErrorCode
    63:64:void setErrorCode(java.lang.Integer) -> setErrorCode
    75:75:java.lang.String getSqlState() -> getSqlState
    87:88:void setSqlState(java.lang.String) -> setSqlState
    99:99:java.lang.String getSubject() -> getSubject
    111:112:void setSubject(java.lang.String) -> setSubject
cl.imperial.autorizadorventa.ws.package-info -> cl.imperial.autorizadorventa.ws.package-info:
