cl.imperial.escanerproducto.CodigoRapidoTemp -> cl.imperial.escanerproducto.CodigoRapidoTemp:
    javafx.scene.control.Label Escanerlbl -> a
    javafx.scene.control.TextField EscanerText -> a
    javafx.scene.control.Button aceptarButton -> a
    35:118:void <init>(cl.imperial.escanerproducto.EscanerMain) -> <init>
    126:136:void codigoRapido(cl.imperial.escanerproducto.EscanerMain) -> a
    81:86:void lambda$0(cl.imperial.escanerproducto.EscanerMain,javafx.event.ActionEvent) -> a
    104:109:void lambda$1(cl.imperial.escanerproducto.EscanerMain,javafx.event.ActionEvent) -> b
    127:135:void lambda$2(cl.imperial.escanerproducto.EscanerMain,javafx.scene.input.KeyEvent) -> a
cl.imperial.escanerproducto.EscanerMain -> cl.imperial.escanerproducto.EscanerMain:
    cl.imperial.escanerproducto.EscanerTable tableScaner -> a
    cl.imperial.escanerproducto.WebService webService -> a
    javafx.scene.control.Label Escanerlbl -> a
    javafx.scene.control.Label Observacioneslbl -> b
    javafx.scene.control.Label Totallbl -> c
    javafx.scene.control.TextField EscanerText -> a
    javafx.scene.control.TextField CreditoText -> b
    javafx.scene.control.TextField TotalText -> c
    javafx.scene.control.Button codigoRapidoButton -> a
    javafx.scene.control.Button eliminarProButton -> b
    javafx.scene.control.Button GrabarButton -> c
    javafx.scene.control.Button salirButton -> d
    javafx.stage.Stage stage -> a
    java.text.DecimalFormat formateador -> a
    55:66:void <clinit>() -> <clinit>
    48:263:void <init>(cl.obcom.desktopfx.core.DesktopTask) -> <init>
    313:340:void escanerProducto() -> escanerProducto
    350:356:void IngresaProducto(java.lang.String,java.lang.String) -> IngresaProducto
    394:401:void IngresaProductoEliminar(java.lang.String,java.lang.String) -> a
    449:455:void ActializarMonto(cl.imperial.escanerproducto.EscanerTable) -> a
    124:124:void lambda$0(javafx.event.ActionEvent) -> a
    135:139:void lambda$1(javafx.event.ActionEvent) -> b
    1290:1306:void CodigoRapido(cl.imperial.escanerproducto.EscanerMain):290:306 -> b
    1290:1306:void lambda$1(javafx.event.ActionEvent):135 -> b
    225:230:void lambda$2(javafx.event.ActionEvent) -> c
    1365:1385:void onEliminarProducto():365:385 -> c
    1365:1385:void lambda$2(javafx.event.ActionEvent):225 -> c
    236:236:void lambda$3(javafx.event.ActionEvent) -> d
    1408:1411:void onGrabar():408:411 -> d
    1408:1411:void lambda$3(javafx.event.ActionEvent):236 -> d
    1420:1439:java.lang.String xmlProductos():420:439 -> d
    1420:1439:void onGrabar():409 -> d
    1420:1439:void lambda$3(javafx.event.ActionEvent):236 -> d
    252:252:void lambda$4(cl.obcom.desktopfx.core.DesktopTask,javafx.event.ActionEvent) -> a
    314:339:void lambda$5(javafx.scene.input.KeyEvent) -> a
    370:383:void lambda$6(javafx.scene.input.KeyEvent) -> b
cl.imperial.escanerproducto.EscanerTable -> cl.imperial.escanerproducto.EscanerTable:
    javafx.collections.ObservableList ProductosList -> ProductosList
    34:85:void <init>() -> <init>
    113:116:void add(cl.imperial.escanerproducto.ProductosList) -> a
    42:42:javafx.beans.value.ObservableValue lambda$0(javafx.scene.control.TableColumn$CellDataFeatures) -> a
    48:48:javafx.beans.value.ObservableValue lambda$1(javafx.scene.control.TableColumn$CellDataFeatures) -> b
    54:54:javafx.beans.value.ObservableValue lambda$2(javafx.scene.control.TableColumn$CellDataFeatures) -> c
    60:60:javafx.beans.value.ObservableValue lambda$3(javafx.scene.control.TableColumn$CellDataFeatures) -> d
    66:66:javafx.beans.value.ObservableValue lambda$4(javafx.scene.control.TableColumn$CellDataFeatures) -> e
    72:72:javafx.beans.value.ObservableValue lambda$5(javafx.scene.control.TableColumn$CellDataFeatures) -> f
    78:78:javafx.beans.value.ObservableValue lambda$6(javafx.scene.control.TableColumn$CellDataFeatures) -> g
cl.imperial.escanerproducto.ProductosList -> cl.imperial.escanerproducto.ProductosList:
    javafx.beans.property.StringProperty COD_RAPIDO -> a
    javafx.beans.property.StringProperty COD_PRODUCTO -> b
    javafx.beans.property.StringProperty DESCRIPCION -> c
    javafx.beans.property.StringProperty PRECIO_BRUTO -> d
    javafx.beans.property.StringProperty CANTIDAD_EMBALAJE -> e
    javafx.beans.property.StringProperty COD_UNIMED -> f
    javafx.beans.property.StringProperty CANTIDAD -> g
    javafx.beans.property.StringProperty TIPO -> h
    javafx.beans.property.StringProperty DESCUENTO -> i
    javafx.beans.property.StringProperty TOTAL -> j
    javafx.beans.property.StringProperty CODE -> k
    38:51:void <init>() -> <init>
    64:64:javafx.beans.property.StringProperty COD_RAPIDOProperty() -> COD_RAPIDOProperty
    74:74:java.lang.String getCOD_RAPIDO() -> getCOD_RAPIDO
    84:85:void setCOD_RAPIDO(java.lang.String) -> setCOD_RAPIDO
    98:98:javafx.beans.property.StringProperty COD_PRODUCTOProperty() -> COD_PRODUCTOProperty
    108:108:java.lang.String getCOD_PRODUCTO() -> getCOD_PRODUCTO
    118:119:void setCOD_PRODUCTO(java.lang.String) -> setCOD_PRODUCTO
    132:132:javafx.beans.property.StringProperty DESCRIPCIONProperty() -> DESCRIPCIONProperty
    142:142:java.lang.String getDESCRIPCION() -> getDESCRIPCION
    152:153:void setDESCRIPCION(java.lang.String) -> setDESCRIPCION
    166:166:javafx.beans.property.StringProperty PRECIO_BRUTOProperty() -> PRECIO_BRUTOProperty
    176:176:java.lang.String getPRECIO_BRUTO() -> getPRECIO_BRUTO
    186:187:void setPRECIO_BRUTO(java.lang.String) -> setPRECIO_BRUTO
    200:200:javafx.beans.property.StringProperty CANTIDAD_EMBALAJEProperty() -> CANTIDAD_EMBALAJEProperty
    210:210:java.lang.String getCANTIDAD_EMBALAJE() -> getCANTIDAD_EMBALAJE
    220:221:void setCANTIDAD_EMBALAJE(java.lang.String) -> setCANTIDAD_EMBALAJE
    234:234:javafx.beans.property.StringProperty COD_UNIMEDProperty() -> COD_UNIMEDProperty
    244:244:java.lang.String getCOD_UNIMED() -> getCOD_UNIMED
    254:255:void setCOD_UNIMED(java.lang.String) -> setCOD_UNIMED
    268:268:javafx.beans.property.StringProperty CANTIDADProperty() -> CANTIDADProperty
    278:278:java.lang.String getCANTIDAD() -> getCANTIDAD
    288:289:void setCANTIDAD(java.lang.String) -> setCANTIDAD
    302:302:javafx.beans.property.StringProperty TIPOProperty() -> TIPOProperty
    312:312:java.lang.String getTIPO() -> getTIPO
    322:323:void setTIPO(java.lang.String) -> setTIPO
    336:336:javafx.beans.property.StringProperty DESCUENTOProperty() -> DESCUENTOProperty
    346:346:java.lang.String getDESCUENTO() -> getDESCUENTO
    356:357:void setDESCUENTO(java.lang.String) -> setDESCUENTO
    370:370:javafx.beans.property.StringProperty TOTALProperty() -> TOTALProperty
    380:380:java.lang.String getTOTAL() -> getTOTAL
    390:391:void setTOTAL(java.lang.String) -> setTOTAL
    404:404:javafx.beans.property.StringProperty CODEProperty() -> CODEProperty
    414:414:java.lang.String getCODE() -> getCODE
    424:425:void setCODE(java.lang.String) -> setCODE
    432:435:boolean isEmpty() -> isEmpty
    445:445:java.util.Iterator iterator() -> iterator
cl.imperial.escanerproducto.TipoDctoDate -> cl.imperial.escanerproducto.TipoDctoDate:
    javafx.beans.property.StringProperty rut -> a
    javafx.beans.property.StringProperty codEntidad -> b
    javafx.beans.property.StringProperty cod_sucursal -> c
    javafx.beans.property.StringProperty credito -> d
    javafx.beans.property.StringProperty lista_precio -> e
    29:35:void <init>() -> <init>
    42:47:void clear() -> clear
    57:62:void copyFrom(cl.imperial.escanerproducto.TipoDctoDate) -> copyFrom
    74:74:javafx.beans.property.StringProperty rutProperty() -> rutProperty
    83:83:java.lang.String getRut() -> getRut
    93:94:void setrut(java.lang.String) -> setrut
    106:106:javafx.beans.property.StringProperty codEntidadProperty() -> codEntidadProperty
    115:115:java.lang.String getCodEntidad() -> getCodEntidad
    125:126:void setCodEntidad(java.lang.String) -> setCodEntidad
    138:138:javafx.beans.property.StringProperty codSucursalProperty() -> codSucursalProperty
    147:147:java.lang.String getCodSucursal() -> getCodSucursal
    157:158:void setCodSucursal(java.lang.String) -> setCodSucursal
    170:170:javafx.beans.property.StringProperty CreditoProperty() -> CreditoProperty
    179:179:java.lang.String getCredito() -> getCredito
    189:190:void setCredito(java.lang.String) -> setCredito
    202:202:javafx.beans.property.StringProperty lista_precioProperty() -> lista_precioProperty
    211:211:java.lang.String getlista_precio() -> getlista_precio
    221:222:void setlista_precio(java.lang.String) -> setlista_precio
cl.imperial.escanerproducto.WebService -> cl.imperial.escanerproducto.WebService:
    cl.imperial.escanerproducto.ws.EscanerProductoWeb webPort -> a
    32:38:void <init>(cl.obcom.desktopfx.core.DesktopTask) -> <init>
    52:57:void buscaProducto(java.lang.String,java.lang.String,cl.imperial.escanerproducto.EscanerTable,java.lang.String,java.lang.String) -> buscaProducto
    68:149:void IngresarProductos(cl.imperial.escanerproducto.ws.TraelecturascanResult,cl.imperial.escanerproducto.EscanerTable) -> IngresarProductos
    1102:1102:javafx.collections.ObservableList cl.imperial.escanerproducto.EscanerTable.getProductosList():102:102 -> IngresarProductos
    1102:1102:void IngresarProductos(cl.imperial.escanerproducto.ws.TraelecturascanResult,cl.imperial.escanerproducto.EscanerTable):78 -> IngresarProductos
    161:166:void buscaProductoEliminar(java.lang.String,java.lang.String,cl.imperial.escanerproducto.EscanerTable,java.lang.String,java.lang.String) -> buscaProductoEliminar
    1176:1212:void EliminarProductos$94e8c9d(cl.imperial.escanerproducto.ws.TraelecturascanResult,cl.imperial.escanerproducto.EscanerTable):176:212 -> buscaProductoEliminar
    1176:1212:void buscaProductoEliminar(java.lang.String,java.lang.String,cl.imperial.escanerproducto.EscanerTable,java.lang.String,java.lang.String):162 -> buscaProductoEliminar
    224:236:void grabarProducto(cl.imperial.escanerproducto.EscanerTable,java.lang.String,java.lang.String) -> grabarProducto
cl.imperial.escanerproducto.ws.EscanerProductoWeb -> cl.imperial.escanerproducto.ws.EscanerProductoWeb:
    cl.imperial.escanerproducto.ws.TraelecturascanResult traelecturascan(java.lang.String,java.lang.String,java.lang.String,java.lang.String,java.lang.String,java.lang.String,java.lang.String) -> traelecturascan
    cl.imperial.escanerproducto.ws.GrabavaletranstorioResult grabavaletranstorio(java.lang.String,java.lang.String,java.lang.String,java.lang.String,java.lang.String,java.lang.String,java.lang.String,java.lang.String) -> grabavaletranstorio
cl.imperial.escanerproducto.ws.EscanerProductoWebException -> cl.imperial.escanerproducto.ws.EscanerProductoWebException:
    cl.imperial.escanerproducto.ws.WebFaultInfo faultInfo -> faultInfo
    30:32:void <init>(java.lang.String,cl.imperial.escanerproducto.ws.WebFaultInfo) -> <init>
    41:43:void <init>(java.lang.String,cl.imperial.escanerproducto.ws.WebFaultInfo,java.lang.Throwable) -> <init>
    51:51:cl.imperial.escanerproducto.ws.WebFaultInfo getFaultInfo() -> getFaultInfo
cl.imperial.escanerproducto.ws.EscanerProductoWebService -> cl.imperial.escanerproducto.ws.EscanerProductoWebService:
    java.net.URL ESCANERPRODUCTOWEBSERVICE_WSDL_LOCATION -> a
    javax.xml.ws.WebServiceException ESCANERPRODUCTOWEBSERVICE_EXCEPTION -> a
    javax.xml.namespace.QName ESCANERPRODUCTOWEBSERVICE_QNAME -> a
    26:35:void <clinit>() -> <clinit>
    38:39:void <init>() -> <init>
    42:43:void <init>(javax.xml.ws.WebServiceFeature[]) -> <init>
    46:47:void <init>(java.net.URL) -> <init>
    50:51:void <init>(java.net.URL,javax.xml.ws.WebServiceFeature[]) -> <init>
    54:55:void <init>(java.net.URL,javax.xml.namespace.QName) -> <init>
    58:59:void <init>(java.net.URL,javax.xml.namespace.QName,javax.xml.ws.WebServiceFeature[]) -> <init>
    68:68:cl.imperial.escanerproducto.ws.EscanerProductoWeb getEscanerProductoWebPort() -> getEscanerProductoWebPort
    80:80:cl.imperial.escanerproducto.ws.EscanerProductoWeb getEscanerProductoWebPort(javax.xml.ws.WebServiceFeature[]) -> getEscanerProductoWebPort
    84:87:java.net.URL __getWsdlLocation() -> a
cl.imperial.escanerproducto.ws.Grabavaletranstorio -> cl.imperial.escanerproducto.ws.Grabavaletranstorio:
    java.lang.String vxmlproductos -> vxmlproductos
    java.lang.String vcodEmp -> vcodEmp
    java.lang.String vusuario -> vusuario
    java.lang.String vtipodoc -> vtipodoc
    java.lang.String vcodEntidad -> vcodEntidad
    java.lang.String vcodSucursal -> vcodSucursal
    java.lang.String vcodLista -> vcodLista
    java.lang.String vestacion -> vestacion
    46:46:void <init>() -> <init>
    66:66:java.lang.String getVxmlproductos() -> getVxmlproductos
    78:79:void setVxmlproductos(java.lang.String) -> setVxmlproductos
    90:90:java.lang.String getVcodEmp() -> getVcodEmp
    102:103:void setVcodEmp(java.lang.String) -> setVcodEmp
    114:114:java.lang.String getVusuario() -> getVusuario
    126:127:void setVusuario(java.lang.String) -> setVusuario
    138:138:java.lang.String getVtipodoc() -> getVtipodoc
    150:151:void setVtipodoc(java.lang.String) -> setVtipodoc
    162:162:java.lang.String getVcodEntidad() -> getVcodEntidad
    174:175:void setVcodEntidad(java.lang.String) -> setVcodEntidad
    186:186:java.lang.String getVcodSucursal() -> getVcodSucursal
    198:199:void setVcodSucursal(java.lang.String) -> setVcodSucursal
    210:210:java.lang.String getVcodLista() -> getVcodLista
    222:223:void setVcodLista(java.lang.String) -> setVcodLista
    234:234:java.lang.String getVestacion() -> getVestacion
    246:247:void setVestacion(java.lang.String) -> setVestacion
cl.imperial.escanerproducto.ws.GrabavaletranstorioResponse -> cl.imperial.escanerproducto.ws.GrabavaletranstorioResponse:
    cl.imperial.escanerproducto.ws.GrabavaletranstorioResult grabavaletranstorioResult -> grabavaletranstorioResult
    32:32:void <init>() -> <init>
    45:45:cl.imperial.escanerproducto.ws.GrabavaletranstorioResult getGrabavaletranstorioResult() -> getGrabavaletranstorioResult
    57:58:void setGrabavaletranstorioResult(cl.imperial.escanerproducto.ws.GrabavaletranstorioResult) -> setGrabavaletranstorioResult
cl.imperial.escanerproducto.ws.GrabavaletranstorioResult -> cl.imperial.escanerproducto.ws.GrabavaletranstorioResult:
    java.lang.String errorMessage -> errorMessage
    java.lang.Integer nroInterno -> nroInterno
    34:34:void <init>() -> <init>
    50:50:java.lang.String getErrorMessage() -> getErrorMessage
    62:63:void setErrorMessage(java.lang.String) -> setErrorMessage
    74:74:java.lang.Integer getNroInterno() -> getNroInterno
    86:87:void setNroInterno(java.lang.Integer) -> setNroInterno
cl.imperial.escanerproducto.ws.ObjectFactory -> cl.imperial.escanerproducto.ws.ObjectFactory:
    javax.xml.namespace.QName _Faultinfo_QNAME -> a
    javax.xml.namespace.QName _Grabavaletranstorio_QNAME -> b
    javax.xml.namespace.QName _GrabavaletranstorioResponse_QNAME -> c
    javax.xml.namespace.QName _GrabavaletranstorioResult_QNAME -> d
    javax.xml.namespace.QName _Traelecturascan_QNAME -> e
    javax.xml.namespace.QName _TraelecturascanProducto_QNAME -> f
    javax.xml.namespace.QName _TraelecturascanResponse_QNAME -> g
    javax.xml.namespace.QName _TraelecturascanResult_QNAME -> h
    javax.xml.namespace.QName _WebFaultInfo_QNAME -> i
    27:35:void <clinit>() -> <clinit>
    41:42:void <init>() -> <init>
    49:49:cl.imperial.escanerproducto.ws.WebFaultInfo createWebFaultInfo() -> createWebFaultInfo
    57:57:cl.imperial.escanerproducto.ws.Grabavaletranstorio createGrabavaletranstorio() -> createGrabavaletranstorio
    65:65:cl.imperial.escanerproducto.ws.GrabavaletranstorioResponse createGrabavaletranstorioResponse() -> createGrabavaletranstorioResponse
    73:73:cl.imperial.escanerproducto.ws.GrabavaletranstorioResult createGrabavaletranstorioResult() -> createGrabavaletranstorioResult
    81:81:cl.imperial.escanerproducto.ws.Traelecturascan createTraelecturascan() -> createTraelecturascan
    89:89:cl.imperial.escanerproducto.ws.TraelecturascanProducto createTraelecturascanProducto() -> createTraelecturascanProducto
    97:97:cl.imperial.escanerproducto.ws.TraelecturascanResponse createTraelecturascanResponse() -> createTraelecturascanResponse
    105:105:cl.imperial.escanerproducto.ws.TraelecturascanResult createTraelecturascanResult() -> createTraelecturascanResult
    118:118:javax.xml.bind.JAXBElement createFaultinfo(cl.imperial.escanerproducto.ws.WebFaultInfo) -> createFaultinfo
    131:131:javax.xml.bind.JAXBElement createGrabavaletranstorio(cl.imperial.escanerproducto.ws.Grabavaletranstorio) -> createGrabavaletranstorio
    144:144:javax.xml.bind.JAXBElement createGrabavaletranstorioResponse(cl.imperial.escanerproducto.ws.GrabavaletranstorioResponse) -> createGrabavaletranstorioResponse
    157:157:javax.xml.bind.JAXBElement createGrabavaletranstorioResult(cl.imperial.escanerproducto.ws.GrabavaletranstorioResult) -> createGrabavaletranstorioResult
    170:170:javax.xml.bind.JAXBElement createTraelecturascan(cl.imperial.escanerproducto.ws.Traelecturascan) -> createTraelecturascan
    183:183:javax.xml.bind.JAXBElement createTraelecturascanProducto(cl.imperial.escanerproducto.ws.TraelecturascanProducto) -> createTraelecturascanProducto
    196:196:javax.xml.bind.JAXBElement createTraelecturascanResponse(cl.imperial.escanerproducto.ws.TraelecturascanResponse) -> createTraelecturascanResponse
    209:209:javax.xml.bind.JAXBElement createTraelecturascanResult(cl.imperial.escanerproducto.ws.TraelecturascanResult) -> createTraelecturascanResult
    222:222:javax.xml.bind.JAXBElement createWebFaultInfo(cl.imperial.escanerproducto.ws.WebFaultInfo) -> createWebFaultInfo
cl.imperial.escanerproducto.ws.ProcedureResult -> cl.imperial.escanerproducto.ws.ProcedureResult:
    34:34:void <init>() -> <init>
cl.imperial.escanerproducto.ws.Traelecturascan -> cl.imperial.escanerproducto.ws.Traelecturascan:
    java.lang.String vcodigo -> vcodigo
    java.lang.String vtipo -> vtipo
    java.lang.String vcodLista -> vcodLista
    java.lang.String vcodEmp -> vcodEmp
    java.lang.String vcodEntidad -> vcodEntidad
    java.lang.String vcodSucursal -> vcodSucursal
    java.lang.String vtipoDoc -> vtipoDoc
    44:44:void <init>() -> <init>
    63:63:java.lang.String getVcodigo() -> getVcodigo
    75:76:void setVcodigo(java.lang.String) -> setVcodigo
    87:87:java.lang.String getVtipo() -> getVtipo
    99:100:void setVtipo(java.lang.String) -> setVtipo
    111:111:java.lang.String getVcodLista() -> getVcodLista
    123:124:void setVcodLista(java.lang.String) -> setVcodLista
    135:135:java.lang.String getVcodEmp() -> getVcodEmp
    147:148:void setVcodEmp(java.lang.String) -> setVcodEmp
    159:159:java.lang.String getVcodEntidad() -> getVcodEntidad
    171:172:void setVcodEntidad(java.lang.String) -> setVcodEntidad
    183:183:java.lang.String getVcodSucursal() -> getVcodSucursal
    195:196:void setVcodSucursal(java.lang.String) -> setVcodSucursal
    207:207:java.lang.String getVtipoDoc() -> getVtipoDoc
    219:220:void setVtipoDoc(java.lang.String) -> setVtipoDoc
cl.imperial.escanerproducto.ws.TraelecturascanProducto -> cl.imperial.escanerproducto.ws.TraelecturascanProducto:
    java.lang.String cantidad -> cantidad
    java.lang.String cantidadEmbalaje -> cantidadEmbalaje
    java.lang.String codProducto -> codProducto
    java.lang.String codRapido -> codRapido
    java.lang.String codUnimed -> codUnimed
    java.lang.String code -> code
    java.lang.String descripcion -> descripcion
    java.lang.String descuento -> descuento
    java.lang.String precioBruto -> precioBruto
    java.lang.String tipo -> tipo
    50:50:void <init>() -> <init>
    72:72:java.lang.String getCantidad() -> getCantidad
    84:85:void setCantidad(java.lang.String) -> setCantidad
    96:96:java.lang.String getCantidadEmbalaje() -> getCantidadEmbalaje
    108:109:void setCantidadEmbalaje(java.lang.String) -> setCantidadEmbalaje
    120:120:java.lang.String getCodProducto() -> getCodProducto
    132:133:void setCodProducto(java.lang.String) -> setCodProducto
    144:144:java.lang.String getCodRapido() -> getCodRapido
    156:157:void setCodRapido(java.lang.String) -> setCodRapido
    168:168:java.lang.String getCodUnimed() -> getCodUnimed
    180:181:void setCodUnimed(java.lang.String) -> setCodUnimed
    192:192:java.lang.String getCode() -> getCode
    204:205:void setCode(java.lang.String) -> setCode
    216:216:java.lang.String getDescripcion() -> getDescripcion
    228:229:void setDescripcion(java.lang.String) -> setDescripcion
    240:240:java.lang.String getDescuento() -> getDescuento
    252:253:void setDescuento(java.lang.String) -> setDescuento
    264:264:java.lang.String getPrecioBruto() -> getPrecioBruto
    276:277:void setPrecioBruto(java.lang.String) -> setPrecioBruto
    288:288:java.lang.String getTipo() -> getTipo
    300:301:void setTipo(java.lang.String) -> setTipo
cl.imperial.escanerproducto.ws.TraelecturascanResponse -> cl.imperial.escanerproducto.ws.TraelecturascanResponse:
    cl.imperial.escanerproducto.ws.TraelecturascanResult traelecturascanResult -> traelecturascanResult
    32:32:void <init>() -> <init>
    45:45:cl.imperial.escanerproducto.ws.TraelecturascanResult getTraelecturascanResult() -> getTraelecturascanResult
    57:58:void setTraelecturascanResult(cl.imperial.escanerproducto.ws.TraelecturascanResult) -> setTraelecturascanResult
cl.imperial.escanerproducto.ws.TraelecturascanResult -> cl.imperial.escanerproducto.ws.TraelecturascanResult:
    java.lang.String errorMessage -> errorMessage
    java.util.List productos -> productos
    37:37:void <init>() -> <init>
    54:54:java.lang.String getErrorMessage() -> getErrorMessage
    66:67:void setErrorMessage(java.lang.String) -> setErrorMessage
    92:95:java.util.List getProductos() -> getProductos
cl.imperial.escanerproducto.ws.WebFaultInfo -> cl.imperial.escanerproducto.ws.WebFaultInfo:
    java.lang.Integer errorCode -> errorCode
    java.lang.String sqlState -> sqlState
    java.lang.String subject -> subject
    36:36:void <init>() -> <init>
    51:51:java.lang.Integer getErrorCode() -> getErrorCode
    63:64:void setErrorCode(java.lang.Integer) -> setErrorCode
    75:75:java.lang.String getSqlState() -> getSqlState
    87:88:void setSqlState(java.lang.String) -> setSqlState
    99:99:java.lang.String getSubject() -> getSubject
    111:112:void setSubject(java.lang.String) -> setSubject
cl.imperial.escanerproducto.ws.package-info -> cl.imperial.escanerproducto.ws.package-info:
