cl.imperial.sencillosolicitud.CambiosList -> cl.imperial.sencillosolicitud.CambiosList:
    javafx.beans.property.StringProperty codigo -> a
    javafx.beans.property.StringProperty glosa -> b
    javafx.beans.property.StringProperty valor -> c
    javafx.beans.property.StringProperty cantidad -> d
    javafx.beans.property.StringProperty valorT -> e
    31:38:void <init>() -> <init>
    52:52:javafx.beans.property.StringProperty codigoProperty() -> codigoProperty
    62:62:java.lang.String getcodigo() -> getcodigo
    72:73:void setcodigo(java.lang.String) -> setcodigo
    86:86:javafx.beans.property.StringProperty glosaProperty() -> glosaProperty
    96:96:java.lang.String getglosa() -> getglosa
    106:107:void setglosa(java.lang.String) -> setglosa
    120:120:javafx.beans.property.StringProperty valorProperty() -> valorProperty
    130:130:java.lang.String getvalor() -> getvalor
    140:141:void setvalor(java.lang.String) -> setvalor
    154:154:javafx.beans.property.StringProperty cantidadProperty() -> cantidadProperty
    164:164:java.lang.String getcantidad() -> getcantidad
    174:175:void setcantidad(java.lang.String) -> setcantidad
    188:188:javafx.beans.property.StringProperty valorTProperty() -> valorTProperty
    198:198:java.lang.String getvalorT() -> getvalorT
    208:209:void setvalorT(java.lang.String) -> setvalorT
cl.imperial.sencillosolicitud.Main -> cl.imperial.sencillosolicitud.Main:
    cl.obcom.desktopfx.core.DesktopTask task -> a
    cl.imperial.sencillosolicitud.ws.SencilloSolicitudWeb port -> a
    javafx.scene.control.TextField CajeroText -> a
    javafx.scene.control.TextField TesoreroText -> b
    javafx.scene.control.TextField BandejaText -> c
    javafx.scene.control.TextField BandejaText2 -> d
    javafx.scene.control.TextField VoucherText -> e
    javafx.scene.control.TextField HoraText -> f
    javafx.scene.control.TextField MontoText -> g
    javafx.scene.control.TextField DineroTxt -> h
    javafx.scene.control.TextField SencilloText -> i
    javafx.scene.control.TextField FechaText -> j
    javafx.scene.control.TextField TiendaText -> k
    javafx.scene.control.Label Cajerolbl -> a
    javafx.scene.control.Label Tiendalbl -> b
    javafx.scene.control.Label Tesorerolbl -> c
    javafx.scene.control.Label Bandejalbl -> d
    javafx.scene.control.Label Voucherlbl -> e
    javafx.scene.control.Label Horalbl -> f
    javafx.scene.control.Label Montolbl -> g
    javafx.scene.control.Label Tipolbl -> h
    javafx.scene.control.Label DineroTotlbl -> i
    javafx.scene.control.Label SencilloTotlbl -> j
    javafx.scene.control.Label Fechalbl -> k
    javafx.scene.control.ComboBox TipoComboBox -> a
    java.text.DecimalFormat formateador -> a
    javafx.scene.control.TableView TableSencillo -> a
    javafx.scene.control.TableView TableDinero -> b
    javafx.collections.ObservableList SencilloList -> SencilloList
    javafx.collections.ObservableList CambiosList -> CambiosList
    javafx.scene.control.Button UltiVaBtn -> a
    javafx.scene.control.Button LimpiarBtn -> b
    javafx.scene.control.Button GrabarBtn -> c
    javafx.scene.control.Button ImprimirBtn -> d
    javafx.scene.control.Button salirBtn -> e
    java.lang.String cTEnvioSencillo -> cTEnvioSencillo
    java.lang.String dTEnvioSencillo -> dTEnvioSencillo
    java.lang.String cTEnvioAvanceCMR -> cTEnvioAvanceCMR
    java.lang.String dTEnvioAvanceCMR -> dTEnvioAvanceCMR
    java.lang.String hostnameOri -> hostnameOri
    java.lang.String pUsuNom -> pUsuNom
    java.lang.String cod_emp -> cod_emp
    java.lang.String NombreTeso -> NombreTeso
    java.lang.String MyTipoGen -> a
    java.lang.String MyMontoSol -> b
    java.lang.String UsuCodigoTeso -> c
    java.lang.String Id_bandeja -> d
    73:592:void <init>(cl.obcom.desktopfx.core.DesktopTask) -> <init>
    599:690:void onLoad_Session_Initialize$92f3253() -> a
    695:708:java.lang.String UsuarioDatos(java.lang.String) -> a
    716:746:void onClearAll() -> b
    753:781:void PROC_TRAE_DENMON() -> c
    815:899:void procesaUltVoucher() -> d
    1004:1015:java.lang.String xmlSencillo() -> a
    340:346:javafx.scene.control.TableRow lambda$0(javafx.scene.control.TableView) -> a
    352:352:javafx.beans.value.ObservableValue lambda$2(javafx.scene.control.TableColumn$CellDataFeatures) -> a
    364:364:javafx.beans.value.ObservableValue lambda$3(javafx.scene.control.TableColumn$CellDataFeatures) -> b
    366:368:void lambda$4(javafx.scene.control.TableColumn$CellEditEvent) -> a
    2021:2037:void CalculaDenCam(cl.imperial.sencillosolicitud.CambiosList,java.lang.String):1021:1037 -> a
    2021:2037:void lambda$4(javafx.scene.control.TableColumn$CellEditEvent):367 -> a
    375:375:javafx.beans.value.ObservableValue lambda$5(javafx.scene.control.TableColumn$CellDataFeatures) -> c
    433:438:javafx.scene.control.TableRow lambda$6(javafx.scene.control.TableView) -> b
    444:444:javafx.beans.value.ObservableValue lambda$8(javafx.scene.control.TableColumn$CellDataFeatures) -> d
    456:456:javafx.beans.value.ObservableValue lambda$9(javafx.scene.control.TableColumn$CellDataFeatures) -> e
    458:460:void lambda$10(javafx.scene.control.TableColumn$CellEditEvent) -> b
    2041:2057:void CalculaDenSen(cl.imperial.sencillosolicitud.SencilloList,java.lang.String):1041:1057 -> b
    2041:2057:void lambda$10(javafx.scene.control.TableColumn$CellEditEvent):459 -> b
    467:467:javafx.beans.value.ObservableValue lambda$11(javafx.scene.control.TableColumn$CellDataFeatures) -> f
    514:514:void lambda$12(javafx.event.ActionEvent) -> a
    2789:2808:void onUltimoVoucher():789:808 -> a
    2789:2808:void lambda$12(javafx.event.ActionEvent):514 -> a
    529:529:void lambda$13(javafx.event.ActionEvent) -> b
    536:541:void lambda$14(javafx.event.ActionEvent) -> c
    2909:2978:void onGrabarClick():909:978 -> c
    2909:2978:void lambda$14(javafx.event.ActionEvent):536 -> c
    2985:2996:java.lang.String xmlDetalle():985:996 -> c
    2985:2996:void onGrabarClick():968 -> c
    2985:2996:void lambda$14(javafx.event.ActionEvent):536 -> c
    546:546:void lambda$15(javafx.event.ActionEvent) -> d
    3068:3193:void Proc_Imprimir_Grilla():1068:1193 -> d
    3068:3193:void lambda$15(javafx.event.ActionEvent):546 -> d
    550:550:void lambda$16(cl.obcom.desktopfx.core.DesktopTask,javafx.event.ActionEvent) -> a
    563:563:void lambda$17(cl.obcom.desktopfx.core.TaskEvent) -> a
    3579:3580:void onTaskStateRequest(cl.obcom.desktopfx.core.TaskEvent):579:580 -> a
    3579:3580:void lambda$17(cl.obcom.desktopfx.core.TaskEvent):563 -> a
    342:345:void lambda$1(javafx.scene.control.TableRow,javafx.scene.input.MouseEvent) -> a
    435:437:void lambda$7(javafx.scene.control.TableRow,javafx.scene.input.MouseEvent) -> b
cl.imperial.sencillosolicitud.SencilloList -> cl.imperial.sencillosolicitud.SencilloList:
    javafx.beans.property.StringProperty codigo -> a
    javafx.beans.property.StringProperty glosa -> b
    javafx.beans.property.StringProperty valor -> c
    javafx.beans.property.StringProperty cantidad -> d
    javafx.beans.property.StringProperty valorT -> e
    31:38:void <init>() -> <init>
    52:52:javafx.beans.property.StringProperty codigoProperty() -> codigoProperty
    62:62:java.lang.String getcodigo() -> getcodigo
    72:73:void setcodigo(java.lang.String) -> setcodigo
    86:86:javafx.beans.property.StringProperty glosaProperty() -> glosaProperty
    96:96:java.lang.String getglosa() -> getglosa
    106:107:void setglosa(java.lang.String) -> setglosa
    120:120:javafx.beans.property.StringProperty valorProperty() -> valorProperty
    130:130:java.lang.String getvalor() -> getvalor
    140:141:void setvalor(java.lang.String) -> setvalor
    154:154:javafx.beans.property.StringProperty cantidadProperty() -> cantidadProperty
    164:164:java.lang.String getcantidad() -> getcantidad
    174:175:void setcantidad(java.lang.String) -> setcantidad
    188:188:javafx.beans.property.StringProperty valorTProperty() -> valorTProperty
    198:198:java.lang.String getvalorT() -> getvalorT
    208:209:void setvalorT(java.lang.String) -> setvalorT
cl.imperial.sencillosolicitud.ws.BuscabanusutieBca -> cl.imperial.sencillosolicitud.ws.BuscabanusutieBca:
    java.lang.String codEmp -> codEmp
    java.lang.String cajero -> cajero
    34:34:void <init>() -> <init>
    48:48:java.lang.String getCodEmp() -> getCodEmp
    60:61:void setCodEmp(java.lang.String) -> setCodEmp
    72:72:java.lang.String getCajero() -> getCajero
    84:85:void setCajero(java.lang.String) -> setCajero
cl.imperial.sencillosolicitud.ws.BuscabanusutieBcaBandeja -> cl.imperial.sencillosolicitud.ws.BuscabanusutieBcaBandeja:
    java.lang.String descripcion -> descripcion
    java.lang.String desestado -> desestado
    java.lang.String estado -> estado
    java.lang.String idBandejapos -> idBandejapos
    java.lang.String identificador -> identificador
    40:40:void <init>() -> <init>
    57:57:java.lang.String getDescripcion() -> getDescripcion
    69:70:void setDescripcion(java.lang.String) -> setDescripcion
    81:81:java.lang.String getDesestado() -> getDesestado
    93:94:void setDesestado(java.lang.String) -> setDesestado
    105:105:java.lang.String getEstado() -> getEstado
    117:118:void setEstado(java.lang.String) -> setEstado
    129:129:java.lang.String getIdBandejapos() -> getIdBandejapos
    141:142:void setIdBandejapos(java.lang.String) -> setIdBandejapos
    153:153:java.lang.String getIdentificador() -> getIdentificador
    165:166:void setIdentificador(java.lang.String) -> setIdentificador
cl.imperial.sencillosolicitud.ws.BuscabanusutieBcaResponse -> cl.imperial.sencillosolicitud.ws.BuscabanusutieBcaResponse:
    cl.imperial.sencillosolicitud.ws.BuscabanusutieBcaResult buscabanusutieBcaResult -> buscabanusutieBcaResult
    32:32:void <init>() -> <init>
    45:45:cl.imperial.sencillosolicitud.ws.BuscabanusutieBcaResult getBuscabanusutieBcaResult() -> getBuscabanusutieBcaResult
    57:58:void setBuscabanusutieBcaResult(cl.imperial.sencillosolicitud.ws.BuscabanusutieBcaResult) -> setBuscabanusutieBcaResult
cl.imperial.sencillosolicitud.ws.BuscabanusutieBcaResult -> cl.imperial.sencillosolicitud.ws.BuscabanusutieBcaResult:
    java.util.List bandejas -> bandejas
    java.lang.String errorMessage -> errorMessage
    37:37:void <init>() -> <init>
    68:71:java.util.List getBandejas() -> getBandejas
    83:83:java.lang.String getErrorMessage() -> getErrorMessage
    95:96:void setErrorMessage(java.lang.String) -> setErrorMessage
cl.imperial.sencillosolicitud.ws.BuscaempresaxestacionBca -> cl.imperial.sencillosolicitud.ws.BuscaempresaxestacionBca:
    java.lang.String estacion -> estacion
    32:32:void <init>() -> <init>
    45:45:java.lang.String getEstacion() -> getEstacion
    57:58:void setEstacion(java.lang.String) -> setEstacion
cl.imperial.sencillosolicitud.ws.BuscaempresaxestacionBcaResponse -> cl.imperial.sencillosolicitud.ws.BuscaempresaxestacionBcaResponse:
    cl.imperial.sencillosolicitud.ws.BuscaempresaxestacionBcaResult buscaempresaxestacionBcaResult -> buscaempresaxestacionBcaResult
    32:32:void <init>() -> <init>
    45:45:cl.imperial.sencillosolicitud.ws.BuscaempresaxestacionBcaResult getBuscaempresaxestacionBcaResult() -> getBuscaempresaxestacionBcaResult
    57:58:void setBuscaempresaxestacionBcaResult(cl.imperial.sencillosolicitud.ws.BuscaempresaxestacionBcaResult) -> setBuscaempresaxestacionBcaResult
cl.imperial.sencillosolicitud.ws.BuscaempresaxestacionBcaResult -> cl.imperial.sencillosolicitud.ws.BuscaempresaxestacionBcaResult:
    java.lang.String errorMessage -> errorMessage
    java.util.List solicitudes -> solicitudes
    37:37:void <init>() -> <init>
    54:54:java.lang.String getErrorMessage() -> getErrorMessage
    66:67:void setErrorMessage(java.lang.String) -> setErrorMessage
    92:95:java.util.List getSolicitudes() -> getSolicitudes
cl.imperial.sencillosolicitud.ws.BuscaempresaxestacionBcaSolicitud -> cl.imperial.sencillosolicitud.ws.BuscaempresaxestacionBcaSolicitud:
    java.lang.String ajustesencillo -> ajustesencillo
    java.lang.String bodega -> bodega
    java.lang.String codEmp -> codEmp
    java.lang.String codRegion -> codRegion
    java.lang.String descripcion -> descripcion
    java.lang.String estacion -> estacion
    java.lang.String listaventa -> listaventa
    java.lang.String nomEmp -> nomEmp
    java.lang.String razonsocialSii -> razonsocialSii
    java.lang.String tipoestacion -> tipoestacion
    java.lang.String tipofacEcodespacho -> tipofacEcodespacho
    java.lang.String tipofacEcoretiro -> tipofacEcoretiro
    54:54:void <init>() -> <init>
    78:78:java.lang.String getAjustesencillo() -> getAjustesencillo
    90:91:void setAjustesencillo(java.lang.String) -> setAjustesencillo
    102:102:java.lang.String getBodega() -> getBodega
    114:115:void setBodega(java.lang.String) -> setBodega
    126:126:java.lang.String getCodEmp() -> getCodEmp
    138:139:void setCodEmp(java.lang.String) -> setCodEmp
    150:150:java.lang.String getCodRegion() -> getCodRegion
    162:163:void setCodRegion(java.lang.String) -> setCodRegion
    174:174:java.lang.String getDescripcion() -> getDescripcion
    186:187:void setDescripcion(java.lang.String) -> setDescripcion
    198:198:java.lang.String getEstacion() -> getEstacion
    210:211:void setEstacion(java.lang.String) -> setEstacion
    222:222:java.lang.String getListaventa() -> getListaventa
    234:235:void setListaventa(java.lang.String) -> setListaventa
    246:246:java.lang.String getNomEmp() -> getNomEmp
    258:259:void setNomEmp(java.lang.String) -> setNomEmp
    270:270:java.lang.String getRazonsocialSii() -> getRazonsocialSii
    282:283:void setRazonsocialSii(java.lang.String) -> setRazonsocialSii
    294:294:java.lang.String getTipoestacion() -> getTipoestacion
    306:307:void setTipoestacion(java.lang.String) -> setTipoestacion
    318:318:java.lang.String getTipofacEcodespacho() -> getTipofacEcodespacho
    330:331:void setTipofacEcodespacho(java.lang.String) -> setTipofacEcodespacho
    342:342:java.lang.String getTipofacEcoretiro() -> getTipofacEcoretiro
    354:355:void setTipofacEcoretiro(java.lang.String) -> setTipofacEcoretiro
cl.imperial.sencillosolicitud.ws.BuscaultimovoucherBca -> cl.imperial.sencillosolicitud.ws.BuscaultimovoucherBca:
    java.lang.String tipoTran -> tipoTran
    java.lang.String codEmp -> codEmp
    java.lang.String usuario -> usuario
    36:36:void <init>() -> <init>
    51:51:java.lang.String getTipoTran() -> getTipoTran
    63:64:void setTipoTran(java.lang.String) -> setTipoTran
    75:75:java.lang.String getCodEmp() -> getCodEmp
    87:88:void setCodEmp(java.lang.String) -> setCodEmp
    99:99:java.lang.String getUsuario() -> getUsuario
    111:112:void setUsuario(java.lang.String) -> setUsuario
cl.imperial.sencillosolicitud.ws.BuscaultimovoucherBcaResponse -> cl.imperial.sencillosolicitud.ws.BuscaultimovoucherBcaResponse:
    cl.imperial.sencillosolicitud.ws.BuscaultimovoucherBcaResult buscaultimovoucherBcaResult -> buscaultimovoucherBcaResult
    32:32:void <init>() -> <init>
    45:45:cl.imperial.sencillosolicitud.ws.BuscaultimovoucherBcaResult getBuscaultimovoucherBcaResult() -> getBuscaultimovoucherBcaResult
    57:58:void setBuscaultimovoucherBcaResult(cl.imperial.sencillosolicitud.ws.BuscaultimovoucherBcaResult) -> setBuscaultimovoucherBcaResult
cl.imperial.sencillosolicitud.ws.BuscaultimovoucherBcaResult -> cl.imperial.sencillosolicitud.ws.BuscaultimovoucherBcaResult:
    java.lang.String errorMessage -> errorMessage
    java.util.List vouchers -> vouchers
    37:37:void <init>() -> <init>
    54:54:java.lang.String getErrorMessage() -> getErrorMessage
    66:67:void setErrorMessage(java.lang.String) -> setErrorMessage
    92:95:java.util.List getVouchers() -> getVouchers
cl.imperial.sencillosolicitud.ws.BuscaultimovoucherBcaVoucher -> cl.imperial.sencillosolicitud.ws.BuscaultimovoucherBcaVoucher:
    java.lang.String cierre -> cierre
    java.lang.String codEmp -> codEmp
    java.lang.String codUsurecibe -> codUsurecibe
    java.lang.String estacion -> estacion
    java.lang.String estado -> estado
    java.lang.String fecha -> fecha
    java.lang.String montoDocumentos -> montoDocumentos
    java.lang.String montoEfectivo -> montoEfectivo
    java.lang.String nroInterno -> nroInterno
    java.lang.String nroInternopadre -> nroInternopadre
    java.lang.String tipoTransaccion -> tipoTransaccion
    java.lang.String usuario -> usuario
    54:54:void <init>() -> <init>
    78:78:java.lang.String getCierre() -> getCierre
    90:91:void setCierre(java.lang.String) -> setCierre
    102:102:java.lang.String getCodEmp() -> getCodEmp
    114:115:void setCodEmp(java.lang.String) -> setCodEmp
    126:126:java.lang.String getCodUsurecibe() -> getCodUsurecibe
    138:139:void setCodUsurecibe(java.lang.String) -> setCodUsurecibe
    150:150:java.lang.String getEstacion() -> getEstacion
    162:163:void setEstacion(java.lang.String) -> setEstacion
    174:174:java.lang.String getEstado() -> getEstado
    186:187:void setEstado(java.lang.String) -> setEstado
    198:198:java.lang.String getFecha() -> getFecha
    210:211:void setFecha(java.lang.String) -> setFecha
    222:222:java.lang.String getMontoDocumentos() -> getMontoDocumentos
    234:235:void setMontoDocumentos(java.lang.String) -> setMontoDocumentos
    246:246:java.lang.String getMontoEfectivo() -> getMontoEfectivo
    258:259:void setMontoEfectivo(java.lang.String) -> setMontoEfectivo
    270:270:java.lang.String getNroInterno() -> getNroInterno
    282:283:void setNroInterno(java.lang.String) -> setNroInterno
    294:294:java.lang.String getNroInternopadre() -> getNroInternopadre
    306:307:void setNroInternopadre(java.lang.String) -> setNroInternopadre
    318:318:java.lang.String getTipoTransaccion() -> getTipoTransaccion
    330:331:void setTipoTransaccion(java.lang.String) -> setTipoTransaccion
    342:342:java.lang.String getUsuario() -> getUsuario
    354:355:void setUsuario(java.lang.String) -> setUsuario
cl.imperial.sencillosolicitud.ws.BuscausuariosvaBca -> cl.imperial.sencillosolicitud.ws.BuscausuariosvaBca:
    java.lang.String valor -> valor
    java.lang.String parametro -> parametro
    34:34:void <init>() -> <init>
    48:48:java.lang.String getValor() -> getValor
    60:61:void setValor(java.lang.String) -> setValor
    72:72:java.lang.String getParametro() -> getParametro
    84:85:void setParametro(java.lang.String) -> setParametro
cl.imperial.sencillosolicitud.ws.BuscausuariosvaBcaResponse -> cl.imperial.sencillosolicitud.ws.BuscausuariosvaBcaResponse:
    cl.imperial.sencillosolicitud.ws.BuscausuariosvaBcaResult buscausuariosvaBcaResult -> buscausuariosvaBcaResult
    32:32:void <init>() -> <init>
    45:45:cl.imperial.sencillosolicitud.ws.BuscausuariosvaBcaResult getBuscausuariosvaBcaResult() -> getBuscausuariosvaBcaResult
    57:58:void setBuscausuariosvaBcaResult(cl.imperial.sencillosolicitud.ws.BuscausuariosvaBcaResult) -> setBuscausuariosvaBcaResult
cl.imperial.sencillosolicitud.ws.BuscausuariosvaBcaResult -> cl.imperial.sencillosolicitud.ws.BuscausuariosvaBcaResult:
    java.lang.String errorMessage -> errorMessage
    java.util.List solicitudes -> solicitudes
    37:37:void <init>() -> <init>
    54:54:java.lang.String getErrorMessage() -> getErrorMessage
    66:67:void setErrorMessage(java.lang.String) -> setErrorMessage
    92:95:java.util.List getSolicitudes() -> getSolicitudes
cl.imperial.sencillosolicitud.ws.BuscausuariosvaBcaSolicitud -> cl.imperial.sencillosolicitud.ws.BuscausuariosvaBcaSolicitud:
    java.lang.String email -> email
    java.lang.String rut -> rut
    java.lang.String usuCodigo -> usuCodigo
    java.lang.String usuario -> usuario
    38:38:void <init>() -> <init>
    54:54:java.lang.String getEmail() -> getEmail
    66:67:void setEmail(java.lang.String) -> setEmail
    78:78:java.lang.String getRut() -> getRut
    90:91:void setRut(java.lang.String) -> setRut
    102:102:java.lang.String getUsuCodigo() -> getUsuCodigo
    114:115:void setUsuCodigo(java.lang.String) -> setUsuCodigo
    126:126:java.lang.String getUsuario() -> getUsuario
    138:139:void setUsuario(java.lang.String) -> setUsuario
cl.imperial.sencillosolicitud.ws.GrabaenviobanIns -> cl.imperial.sencillosolicitud.ws.GrabaenviobanIns:
    java.lang.String tipoTran -> tipoTran
    java.math.BigDecimal montoEfe -> montoEfe
    java.math.BigDecimal montoDoc -> montoDoc
    java.lang.String codEmp -> codEmp
    java.lang.String detefectivo -> detefectivo
    java.lang.String detdoctos -> detdoctos
    java.lang.String sencillo -> sencillo
    java.lang.String usuario -> usuario
    java.lang.String estacion -> estacion
    java.lang.String codUsurecibe -> codUsurecibe
    java.lang.String cierre -> cierre
    java.lang.String tipoEnvio -> tipoEnvio
    java.lang.String idBandejapos -> idBandejapos
    57:57:void <init>() -> <init>
    82:82:java.lang.String getTipoTran() -> getTipoTran
    94:95:void setTipoTran(java.lang.String) -> setTipoTran
    106:106:java.math.BigDecimal getMontoEfe() -> getMontoEfe
    118:119:void setMontoEfe(java.math.BigDecimal) -> setMontoEfe
    130:130:java.math.BigDecimal getMontoDoc() -> getMontoDoc
    142:143:void setMontoDoc(java.math.BigDecimal) -> setMontoDoc
    154:154:java.lang.String getCodEmp() -> getCodEmp
    166:167:void setCodEmp(java.lang.String) -> setCodEmp
    178:178:java.lang.String getDetefectivo() -> getDetefectivo
    190:191:void setDetefectivo(java.lang.String) -> setDetefectivo
    202:202:java.lang.String getDetdoctos() -> getDetdoctos
    214:215:void setDetdoctos(java.lang.String) -> setDetdoctos
    226:226:java.lang.String getSencillo() -> getSencillo
    238:239:void setSencillo(java.lang.String) -> setSencillo
    250:250:java.lang.String getUsuario() -> getUsuario
    262:263:void setUsuario(java.lang.String) -> setUsuario
    274:274:java.lang.String getEstacion() -> getEstacion
    286:287:void setEstacion(java.lang.String) -> setEstacion
    298:298:java.lang.String getCodUsurecibe() -> getCodUsurecibe
    310:311:void setCodUsurecibe(java.lang.String) -> setCodUsurecibe
    322:322:java.lang.String getCierre() -> getCierre
    334:335:void setCierre(java.lang.String) -> setCierre
    346:346:java.lang.String getTipoEnvio() -> getTipoEnvio
    358:359:void setTipoEnvio(java.lang.String) -> setTipoEnvio
    370:370:java.lang.String getIdBandejapos() -> getIdBandejapos
    382:383:void setIdBandejapos(java.lang.String) -> setIdBandejapos
cl.imperial.sencillosolicitud.ws.GrabaenviobanInsResponse -> cl.imperial.sencillosolicitud.ws.GrabaenviobanInsResponse:
    cl.imperial.sencillosolicitud.ws.GrabaenviobanInsResult grabaenviobanInsResult -> grabaenviobanInsResult
    32:32:void <init>() -> <init>
    45:45:cl.imperial.sencillosolicitud.ws.GrabaenviobanInsResult getGrabaenviobanInsResult() -> getGrabaenviobanInsResult
    57:58:void setGrabaenviobanInsResult(cl.imperial.sencillosolicitud.ws.GrabaenviobanInsResult) -> setGrabaenviobanInsResult
cl.imperial.sencillosolicitud.ws.GrabaenviobanInsResult -> cl.imperial.sencillosolicitud.ws.GrabaenviobanInsResult:
    java.lang.String errorMessage -> errorMessage
    java.util.List solicitudes -> solicitudes
    37:37:void <init>() -> <init>
    54:54:java.lang.String getErrorMessage() -> getErrorMessage
    66:67:void setErrorMessage(java.lang.String) -> setErrorMessage
    92:95:java.util.List getSolicitudes() -> getSolicitudes
cl.imperial.sencillosolicitud.ws.GrabaenviobanInsSolicitud -> cl.imperial.sencillosolicitud.ws.GrabaenviobanInsSolicitud:
    java.lang.String fechagrab -> fechagrab
    java.lang.String nroInterno -> nroInterno
    34:34:void <init>() -> <init>
    48:48:java.lang.String getFechagrab() -> getFechagrab
    60:61:void setFechagrab(java.lang.String) -> setFechagrab
    72:72:java.lang.String getNroInterno() -> getNroInterno
    84:85:void setNroInterno(java.lang.String) -> setNroInterno
cl.imperial.sencillosolicitud.ws.MantusuariosearchBca -> cl.imperial.sencillosolicitud.ws.MantusuariosearchBca:
    java.lang.String codVendedor -> codVendedor
    java.lang.String codUsuario -> codUsuario
    34:34:void <init>() -> <init>
    48:48:java.lang.String getCodVendedor() -> getCodVendedor
    60:61:void setCodVendedor(java.lang.String) -> setCodVendedor
    72:72:java.lang.String getCodUsuario() -> getCodUsuario
    84:85:void setCodUsuario(java.lang.String) -> setCodUsuario
cl.imperial.sencillosolicitud.ws.MantusuariosearchBcaResponse -> cl.imperial.sencillosolicitud.ws.MantusuariosearchBcaResponse:
    cl.imperial.sencillosolicitud.ws.MantusuariosearchBcaResult mantusuariosearchBcaResult -> mantusuariosearchBcaResult
    32:32:void <init>() -> <init>
    45:45:cl.imperial.sencillosolicitud.ws.MantusuariosearchBcaResult getMantusuariosearchBcaResult() -> getMantusuariosearchBcaResult
    57:58:void setMantusuariosearchBcaResult(cl.imperial.sencillosolicitud.ws.MantusuariosearchBcaResult) -> setMantusuariosearchBcaResult
cl.imperial.sencillosolicitud.ws.MantusuariosearchBcaResult -> cl.imperial.sencillosolicitud.ws.MantusuariosearchBcaResult:
    java.lang.String errorMessage -> errorMessage
    java.util.List solicitudes -> solicitudes
    37:37:void <init>() -> <init>
    54:54:java.lang.String getErrorMessage() -> getErrorMessage
    66:67:void setErrorMessage(java.lang.String) -> setErrorMessage
    92:95:java.util.List getSolicitudes() -> getSolicitudes
cl.imperial.sencillosolicitud.ws.MantusuariosearchBcaSolicitud -> cl.imperial.sencillosolicitud.ws.MantusuariosearchBcaSolicitud:
    java.lang.String apellidoMat -> apellidoMat
    java.lang.String apellidoPat -> apellidoPat
    java.lang.String bodega -> bodega
    java.lang.String codAlterno -> codAlterno
    java.lang.String codCargo -> codCargo
    java.lang.String codUsuario -> codUsuario
    java.lang.String codVendedor -> codVendedor
    java.lang.String color -> color
    java.lang.String descripcioncargo -> descripcioncargo
    java.lang.String email -> email
    java.lang.String empresa -> empresa
    java.lang.String fechacumpleano -> fechacumpleano
    java.lang.String fecharetiro -> fecharetiro
    java.lang.String fono1 -> fono1
    java.lang.String fono2 -> fono2
    java.lang.String idCargo -> idCargo
    java.lang.String impnopomade -> impnopomade
    java.lang.String impnoportable -> impnoportable
    java.lang.String impportable -> impportable
    java.lang.String impportmade -> impportmade
    java.lang.String indRetiro -> indRetiro
    java.lang.String nombres -> nombres
    java.lang.String rut -> rut
    java.lang.String tienda -> tienda
    java.lang.String usuEstado -> usuEstado
    java.lang.String usuario -> usuario
    82:82:void <init>() -> <init>
    120:120:java.lang.String getApellidoMat() -> getApellidoMat
    132:133:void setApellidoMat(java.lang.String) -> setApellidoMat
    144:144:java.lang.String getApellidoPat() -> getApellidoPat
    156:157:void setApellidoPat(java.lang.String) -> setApellidoPat
    168:168:java.lang.String getBodega() -> getBodega
    180:181:void setBodega(java.lang.String) -> setBodega
    192:192:java.lang.String getCodAlterno() -> getCodAlterno
    204:205:void setCodAlterno(java.lang.String) -> setCodAlterno
    216:216:java.lang.String getCodCargo() -> getCodCargo
    228:229:void setCodCargo(java.lang.String) -> setCodCargo
    240:240:java.lang.String getCodUsuario() -> getCodUsuario
    252:253:void setCodUsuario(java.lang.String) -> setCodUsuario
    264:264:java.lang.String getCodVendedor() -> getCodVendedor
    276:277:void setCodVendedor(java.lang.String) -> setCodVendedor
    288:288:java.lang.String getColor() -> getColor
    300:301:void setColor(java.lang.String) -> setColor
    312:312:java.lang.String getDescripcioncargo() -> getDescripcioncargo
    324:325:void setDescripcioncargo(java.lang.String) -> setDescripcioncargo
    336:336:java.lang.String getEmail() -> getEmail
    348:349:void setEmail(java.lang.String) -> setEmail
    360:360:java.lang.String getEmpresa() -> getEmpresa
    372:373:void setEmpresa(java.lang.String) -> setEmpresa
    384:384:java.lang.String getFechacumpleano() -> getFechacumpleano
    396:397:void setFechacumpleano(java.lang.String) -> setFechacumpleano
    408:408:java.lang.String getFecharetiro() -> getFecharetiro
    420:421:void setFecharetiro(java.lang.String) -> setFecharetiro
    432:432:java.lang.String getFono1() -> getFono1
    444:445:void setFono1(java.lang.String) -> setFono1
    456:456:java.lang.String getFono2() -> getFono2
    468:469:void setFono2(java.lang.String) -> setFono2
    480:480:java.lang.String getIdCargo() -> getIdCargo
    492:493:void setIdCargo(java.lang.String) -> setIdCargo
    504:504:java.lang.String getImpnopomade() -> getImpnopomade
    516:517:void setImpnopomade(java.lang.String) -> setImpnopomade
    528:528:java.lang.String getImpnoportable() -> getImpnoportable
    540:541:void setImpnoportable(java.lang.String) -> setImpnoportable
    552:552:java.lang.String getImpportable() -> getImpportable
    564:565:void setImpportable(java.lang.String) -> setImpportable
    576:576:java.lang.String getImpportmade() -> getImpportmade
    588:589:void setImpportmade(java.lang.String) -> setImpportmade
    600:600:java.lang.String getIndRetiro() -> getIndRetiro
    612:613:void setIndRetiro(java.lang.String) -> setIndRetiro
    624:624:java.lang.String getNombres() -> getNombres
    636:637:void setNombres(java.lang.String) -> setNombres
    648:648:java.lang.String getRut() -> getRut
    660:661:void setRut(java.lang.String) -> setRut
    672:672:java.lang.String getTienda() -> getTienda
    684:685:void setTienda(java.lang.String) -> setTienda
    696:696:java.lang.String getUsuEstado() -> getUsuEstado
    708:709:void setUsuEstado(java.lang.String) -> setUsuEstado
    720:720:java.lang.String getUsuario() -> getUsuario
    732:733:void setUsuario(java.lang.String) -> setUsuario
cl.imperial.sencillosolicitud.ws.ObjectFactory -> cl.imperial.sencillosolicitud.ws.ObjectFactory:
    javax.xml.namespace.QName _BuscabanusutieBca_QNAME -> a
    javax.xml.namespace.QName _BuscabanusutieBcaBandeja_QNAME -> b
    javax.xml.namespace.QName _BuscabanusutieBcaResponse_QNAME -> c
    javax.xml.namespace.QName _BuscabanusutieBcaResult_QNAME -> d
    javax.xml.namespace.QName _BuscaempresaxestacionBca_QNAME -> e
    javax.xml.namespace.QName _BuscaempresaxestacionBcaResponse_QNAME -> f
    javax.xml.namespace.QName _BuscaempresaxestacionBcaResult_QNAME -> g
    javax.xml.namespace.QName _BuscaempresaxestacionBcaSolicitud_QNAME -> h
    javax.xml.namespace.QName _BuscaultimovoucherBca_QNAME -> i
    javax.xml.namespace.QName _BuscaultimovoucherBcaResponse_QNAME -> j
    javax.xml.namespace.QName _BuscaultimovoucherBcaResult_QNAME -> k
    javax.xml.namespace.QName _BuscaultimovoucherBcaVoucher_QNAME -> l
    javax.xml.namespace.QName _BuscausuariosvaBca_QNAME -> m
    javax.xml.namespace.QName _BuscausuariosvaBcaResponse_QNAME -> n
    javax.xml.namespace.QName _BuscausuariosvaBcaResult_QNAME -> o
    javax.xml.namespace.QName _BuscausuariosvaBcaSolicitud_QNAME -> p
    javax.xml.namespace.QName _Faultinfo_QNAME -> q
    javax.xml.namespace.QName _GrabaenviobanIns_QNAME -> r
    javax.xml.namespace.QName _GrabaenviobanInsResponse_QNAME -> s
    javax.xml.namespace.QName _GrabaenviobanInsResult_QNAME -> t
    javax.xml.namespace.QName _GrabaenviobanInsSolicitud_QNAME -> u
    javax.xml.namespace.QName _MantusuariosearchBca_QNAME -> v
    javax.xml.namespace.QName _MantusuariosearchBcaResponse_QNAME -> w
    javax.xml.namespace.QName _MantusuariosearchBcaResult_QNAME -> x
    javax.xml.namespace.QName _MantusuariosearchBcaSolicitud_QNAME -> y
    javax.xml.namespace.QName _TraedenmonBca_QNAME -> z
    javax.xml.namespace.QName _TraedenmonBcaResponse_QNAME -> A
    javax.xml.namespace.QName _TraedenmonBcaResult_QNAME -> B
    javax.xml.namespace.QName _TraedenmonBcaSolicitud_QNAME -> C
    javax.xml.namespace.QName _TraesolicitudcjBca_QNAME -> D
    javax.xml.namespace.QName _TraesolicitudcjBcaDocumento_QNAME -> E
    javax.xml.namespace.QName _TraesolicitudcjBcaEfectivo_QNAME -> F
    javax.xml.namespace.QName _TraesolicitudcjBcaResponse_QNAME -> G
    javax.xml.namespace.QName _TraesolicitudcjBcaResult_QNAME -> H
    javax.xml.namespace.QName _TraesolicitudcjBcaSaldo_QNAME -> I
    javax.xml.namespace.QName _TraesolicitudcjBcaVoucher_QNAME -> J
    javax.xml.namespace.QName _WebFaultInfo_QNAME -> K
    27:63:void <clinit>() -> <clinit>
    69:70:void <init>() -> <init>
    77:77:cl.imperial.sencillosolicitud.ws.BuscabanusutieBca createBuscabanusutieBca() -> createBuscabanusutieBca
    85:85:cl.imperial.sencillosolicitud.ws.BuscabanusutieBcaBandeja createBuscabanusutieBcaBandeja() -> createBuscabanusutieBcaBandeja
    93:93:cl.imperial.sencillosolicitud.ws.BuscabanusutieBcaResponse createBuscabanusutieBcaResponse() -> createBuscabanusutieBcaResponse
    101:101:cl.imperial.sencillosolicitud.ws.BuscabanusutieBcaResult createBuscabanusutieBcaResult() -> createBuscabanusutieBcaResult
    109:109:cl.imperial.sencillosolicitud.ws.BuscaempresaxestacionBca createBuscaempresaxestacionBca() -> createBuscaempresaxestacionBca
    117:117:cl.imperial.sencillosolicitud.ws.BuscaempresaxestacionBcaResponse createBuscaempresaxestacionBcaResponse() -> createBuscaempresaxestacionBcaResponse
    125:125:cl.imperial.sencillosolicitud.ws.BuscaempresaxestacionBcaResult createBuscaempresaxestacionBcaResult() -> createBuscaempresaxestacionBcaResult
    133:133:cl.imperial.sencillosolicitud.ws.BuscaempresaxestacionBcaSolicitud createBuscaempresaxestacionBcaSolicitud() -> createBuscaempresaxestacionBcaSolicitud
    141:141:cl.imperial.sencillosolicitud.ws.BuscaultimovoucherBca createBuscaultimovoucherBca() -> createBuscaultimovoucherBca
    149:149:cl.imperial.sencillosolicitud.ws.BuscaultimovoucherBcaResponse createBuscaultimovoucherBcaResponse() -> createBuscaultimovoucherBcaResponse
    157:157:cl.imperial.sencillosolicitud.ws.BuscaultimovoucherBcaResult createBuscaultimovoucherBcaResult() -> createBuscaultimovoucherBcaResult
    165:165:cl.imperial.sencillosolicitud.ws.BuscaultimovoucherBcaVoucher createBuscaultimovoucherBcaVoucher() -> createBuscaultimovoucherBcaVoucher
    173:173:cl.imperial.sencillosolicitud.ws.BuscausuariosvaBca createBuscausuariosvaBca() -> createBuscausuariosvaBca
    181:181:cl.imperial.sencillosolicitud.ws.BuscausuariosvaBcaResponse createBuscausuariosvaBcaResponse() -> createBuscausuariosvaBcaResponse
    189:189:cl.imperial.sencillosolicitud.ws.BuscausuariosvaBcaResult createBuscausuariosvaBcaResult() -> createBuscausuariosvaBcaResult
    197:197:cl.imperial.sencillosolicitud.ws.BuscausuariosvaBcaSolicitud createBuscausuariosvaBcaSolicitud() -> createBuscausuariosvaBcaSolicitud
    205:205:cl.imperial.sencillosolicitud.ws.WebFaultInfo createWebFaultInfo() -> createWebFaultInfo
    213:213:cl.imperial.sencillosolicitud.ws.GrabaenviobanIns createGrabaenviobanIns() -> createGrabaenviobanIns
    221:221:cl.imperial.sencillosolicitud.ws.GrabaenviobanInsResponse createGrabaenviobanInsResponse() -> createGrabaenviobanInsResponse
    229:229:cl.imperial.sencillosolicitud.ws.GrabaenviobanInsResult createGrabaenviobanInsResult() -> createGrabaenviobanInsResult
    237:237:cl.imperial.sencillosolicitud.ws.GrabaenviobanInsSolicitud createGrabaenviobanInsSolicitud() -> createGrabaenviobanInsSolicitud
    245:245:cl.imperial.sencillosolicitud.ws.MantusuariosearchBca createMantusuariosearchBca() -> createMantusuariosearchBca
    253:253:cl.imperial.sencillosolicitud.ws.MantusuariosearchBcaResponse createMantusuariosearchBcaResponse() -> createMantusuariosearchBcaResponse
    261:261:cl.imperial.sencillosolicitud.ws.MantusuariosearchBcaResult createMantusuariosearchBcaResult() -> createMantusuariosearchBcaResult
    269:269:cl.imperial.sencillosolicitud.ws.MantusuariosearchBcaSolicitud createMantusuariosearchBcaSolicitud() -> createMantusuariosearchBcaSolicitud
    277:277:cl.imperial.sencillosolicitud.ws.TraedenmonBca createTraedenmonBca() -> createTraedenmonBca
    285:285:cl.imperial.sencillosolicitud.ws.TraedenmonBcaResponse createTraedenmonBcaResponse() -> createTraedenmonBcaResponse
    293:293:cl.imperial.sencillosolicitud.ws.TraedenmonBcaResult createTraedenmonBcaResult() -> createTraedenmonBcaResult
    301:301:cl.imperial.sencillosolicitud.ws.TraedenmonBcaSolicitud createTraedenmonBcaSolicitud() -> createTraedenmonBcaSolicitud
    309:309:cl.imperial.sencillosolicitud.ws.TraesolicitudcjBca createTraesolicitudcjBca() -> createTraesolicitudcjBca
    317:317:cl.imperial.sencillosolicitud.ws.TraesolicitudcjBcaDocumento createTraesolicitudcjBcaDocumento() -> createTraesolicitudcjBcaDocumento
    325:325:cl.imperial.sencillosolicitud.ws.TraesolicitudcjBcaEfectivo createTraesolicitudcjBcaEfectivo() -> createTraesolicitudcjBcaEfectivo
    333:333:cl.imperial.sencillosolicitud.ws.TraesolicitudcjBcaResponse createTraesolicitudcjBcaResponse() -> createTraesolicitudcjBcaResponse
    341:341:cl.imperial.sencillosolicitud.ws.TraesolicitudcjBcaResult createTraesolicitudcjBcaResult() -> createTraesolicitudcjBcaResult
    349:349:cl.imperial.sencillosolicitud.ws.TraesolicitudcjBcaSaldo createTraesolicitudcjBcaSaldo() -> createTraesolicitudcjBcaSaldo
    357:357:cl.imperial.sencillosolicitud.ws.TraesolicitudcjBcaVoucher createTraesolicitudcjBcaVoucher() -> createTraesolicitudcjBcaVoucher
    370:370:javax.xml.bind.JAXBElement createBuscabanusutieBca(cl.imperial.sencillosolicitud.ws.BuscabanusutieBca) -> createBuscabanusutieBca
    383:383:javax.xml.bind.JAXBElement createBuscabanusutieBcaBandeja(cl.imperial.sencillosolicitud.ws.BuscabanusutieBcaBandeja) -> createBuscabanusutieBcaBandeja
    396:396:javax.xml.bind.JAXBElement createBuscabanusutieBcaResponse(cl.imperial.sencillosolicitud.ws.BuscabanusutieBcaResponse) -> createBuscabanusutieBcaResponse
    409:409:javax.xml.bind.JAXBElement createBuscabanusutieBcaResult(cl.imperial.sencillosolicitud.ws.BuscabanusutieBcaResult) -> createBuscabanusutieBcaResult
    422:422:javax.xml.bind.JAXBElement createBuscaempresaxestacionBca(cl.imperial.sencillosolicitud.ws.BuscaempresaxestacionBca) -> createBuscaempresaxestacionBca
    435:435:javax.xml.bind.JAXBElement createBuscaempresaxestacionBcaResponse(cl.imperial.sencillosolicitud.ws.BuscaempresaxestacionBcaResponse) -> createBuscaempresaxestacionBcaResponse
    448:448:javax.xml.bind.JAXBElement createBuscaempresaxestacionBcaResult(cl.imperial.sencillosolicitud.ws.BuscaempresaxestacionBcaResult) -> createBuscaempresaxestacionBcaResult
    461:461:javax.xml.bind.JAXBElement createBuscaempresaxestacionBcaSolicitud(cl.imperial.sencillosolicitud.ws.BuscaempresaxestacionBcaSolicitud) -> createBuscaempresaxestacionBcaSolicitud
    474:474:javax.xml.bind.JAXBElement createBuscaultimovoucherBca(cl.imperial.sencillosolicitud.ws.BuscaultimovoucherBca) -> createBuscaultimovoucherBca
    487:487:javax.xml.bind.JAXBElement createBuscaultimovoucherBcaResponse(cl.imperial.sencillosolicitud.ws.BuscaultimovoucherBcaResponse) -> createBuscaultimovoucherBcaResponse
    500:500:javax.xml.bind.JAXBElement createBuscaultimovoucherBcaResult(cl.imperial.sencillosolicitud.ws.BuscaultimovoucherBcaResult) -> createBuscaultimovoucherBcaResult
    513:513:javax.xml.bind.JAXBElement createBuscaultimovoucherBcaVoucher(cl.imperial.sencillosolicitud.ws.BuscaultimovoucherBcaVoucher) -> createBuscaultimovoucherBcaVoucher
    526:526:javax.xml.bind.JAXBElement createBuscausuariosvaBca(cl.imperial.sencillosolicitud.ws.BuscausuariosvaBca) -> createBuscausuariosvaBca
    539:539:javax.xml.bind.JAXBElement createBuscausuariosvaBcaResponse(cl.imperial.sencillosolicitud.ws.BuscausuariosvaBcaResponse) -> createBuscausuariosvaBcaResponse
    552:552:javax.xml.bind.JAXBElement createBuscausuariosvaBcaResult(cl.imperial.sencillosolicitud.ws.BuscausuariosvaBcaResult) -> createBuscausuariosvaBcaResult
    565:565:javax.xml.bind.JAXBElement createBuscausuariosvaBcaSolicitud(cl.imperial.sencillosolicitud.ws.BuscausuariosvaBcaSolicitud) -> createBuscausuariosvaBcaSolicitud
    578:578:javax.xml.bind.JAXBElement createFaultinfo(cl.imperial.sencillosolicitud.ws.WebFaultInfo) -> createFaultinfo
    591:591:javax.xml.bind.JAXBElement createGrabaenviobanIns(cl.imperial.sencillosolicitud.ws.GrabaenviobanIns) -> createGrabaenviobanIns
    604:604:javax.xml.bind.JAXBElement createGrabaenviobanInsResponse(cl.imperial.sencillosolicitud.ws.GrabaenviobanInsResponse) -> createGrabaenviobanInsResponse
    617:617:javax.xml.bind.JAXBElement createGrabaenviobanInsResult(cl.imperial.sencillosolicitud.ws.GrabaenviobanInsResult) -> createGrabaenviobanInsResult
    630:630:javax.xml.bind.JAXBElement createGrabaenviobanInsSolicitud(cl.imperial.sencillosolicitud.ws.GrabaenviobanInsSolicitud) -> createGrabaenviobanInsSolicitud
    643:643:javax.xml.bind.JAXBElement createMantusuariosearchBca(cl.imperial.sencillosolicitud.ws.MantusuariosearchBca) -> createMantusuariosearchBca
    656:656:javax.xml.bind.JAXBElement createMantusuariosearchBcaResponse(cl.imperial.sencillosolicitud.ws.MantusuariosearchBcaResponse) -> createMantusuariosearchBcaResponse
    669:669:javax.xml.bind.JAXBElement createMantusuariosearchBcaResult(cl.imperial.sencillosolicitud.ws.MantusuariosearchBcaResult) -> createMantusuariosearchBcaResult
    682:682:javax.xml.bind.JAXBElement createMantusuariosearchBcaSolicitud(cl.imperial.sencillosolicitud.ws.MantusuariosearchBcaSolicitud) -> createMantusuariosearchBcaSolicitud
    695:695:javax.xml.bind.JAXBElement createTraedenmonBca(cl.imperial.sencillosolicitud.ws.TraedenmonBca) -> createTraedenmonBca
    708:708:javax.xml.bind.JAXBElement createTraedenmonBcaResponse(cl.imperial.sencillosolicitud.ws.TraedenmonBcaResponse) -> createTraedenmonBcaResponse
    721:721:javax.xml.bind.JAXBElement createTraedenmonBcaResult(cl.imperial.sencillosolicitud.ws.TraedenmonBcaResult) -> createTraedenmonBcaResult
    734:734:javax.xml.bind.JAXBElement createTraedenmonBcaSolicitud(cl.imperial.sencillosolicitud.ws.TraedenmonBcaSolicitud) -> createTraedenmonBcaSolicitud
    747:747:javax.xml.bind.JAXBElement createTraesolicitudcjBca(cl.imperial.sencillosolicitud.ws.TraesolicitudcjBca) -> createTraesolicitudcjBca
    760:760:javax.xml.bind.JAXBElement createTraesolicitudcjBcaDocumento(cl.imperial.sencillosolicitud.ws.TraesolicitudcjBcaDocumento) -> createTraesolicitudcjBcaDocumento
    773:773:javax.xml.bind.JAXBElement createTraesolicitudcjBcaEfectivo(cl.imperial.sencillosolicitud.ws.TraesolicitudcjBcaEfectivo) -> createTraesolicitudcjBcaEfectivo
    786:786:javax.xml.bind.JAXBElement createTraesolicitudcjBcaResponse(cl.imperial.sencillosolicitud.ws.TraesolicitudcjBcaResponse) -> createTraesolicitudcjBcaResponse
    799:799:javax.xml.bind.JAXBElement createTraesolicitudcjBcaResult(cl.imperial.sencillosolicitud.ws.TraesolicitudcjBcaResult) -> createTraesolicitudcjBcaResult
    812:812:javax.xml.bind.JAXBElement createTraesolicitudcjBcaSaldo(cl.imperial.sencillosolicitud.ws.TraesolicitudcjBcaSaldo) -> createTraesolicitudcjBcaSaldo
    825:825:javax.xml.bind.JAXBElement createTraesolicitudcjBcaVoucher(cl.imperial.sencillosolicitud.ws.TraesolicitudcjBcaVoucher) -> createTraesolicitudcjBcaVoucher
    838:838:javax.xml.bind.JAXBElement createWebFaultInfo(cl.imperial.sencillosolicitud.ws.WebFaultInfo) -> createWebFaultInfo
cl.imperial.sencillosolicitud.ws.ProcedureResult -> cl.imperial.sencillosolicitud.ws.ProcedureResult:
    40:40:void <init>() -> <init>
cl.imperial.sencillosolicitud.ws.SencilloSolicitudWeb -> cl.imperial.sencillosolicitud.ws.SencilloSolicitudWeb:
    cl.imperial.sencillosolicitud.ws.TraedenmonBcaResult traedenmonBca(java.lang.String) -> traedenmonBca
    cl.imperial.sencillosolicitud.ws.GrabaenviobanInsResult grabaenviobanIns(java.lang.String,java.math.BigDecimal,java.math.BigDecimal,java.lang.String,java.lang.String,java.lang.String,java.lang.String,java.lang.String,java.lang.String,java.lang.String,java.lang.String,java.lang.String,java.lang.String) -> grabaenviobanIns
    cl.imperial.sencillosolicitud.ws.BuscabanusutieBcaResult buscabanusutieBca(java.lang.String,java.lang.String) -> buscabanusutieBca
    cl.imperial.sencillosolicitud.ws.BuscaempresaxestacionBcaResult buscaempresaxestacionBca(java.lang.String) -> buscaempresaxestacionBca
    cl.imperial.sencillosolicitud.ws.BuscausuariosvaBcaResult buscausuariosvaBca(java.lang.String,java.lang.String) -> buscausuariosvaBca
    cl.imperial.sencillosolicitud.ws.MantusuariosearchBcaResult mantusuariosearchBca(java.lang.String,java.lang.String) -> mantusuariosearchBca
    cl.imperial.sencillosolicitud.ws.BuscaultimovoucherBcaResult buscaultimovoucherBca(java.lang.String,java.lang.String,java.lang.String) -> buscaultimovoucherBca
    cl.imperial.sencillosolicitud.ws.TraesolicitudcjBcaResult traesolicitudcjBca(java.lang.Integer) -> traesolicitudcjBca
cl.imperial.sencillosolicitud.ws.SencilloSolicitudWebException -> cl.imperial.sencillosolicitud.ws.SencilloSolicitudWebException:
    cl.imperial.sencillosolicitud.ws.WebFaultInfo faultInfo -> faultInfo
    30:32:void <init>(java.lang.String,cl.imperial.sencillosolicitud.ws.WebFaultInfo) -> <init>
    41:43:void <init>(java.lang.String,cl.imperial.sencillosolicitud.ws.WebFaultInfo,java.lang.Throwable) -> <init>
    51:51:cl.imperial.sencillosolicitud.ws.WebFaultInfo getFaultInfo() -> getFaultInfo
cl.imperial.sencillosolicitud.ws.SencilloSolicitudWebService -> cl.imperial.sencillosolicitud.ws.SencilloSolicitudWebService:
    java.net.URL SENCILLOSOLICITUDWEBSERVICE_WSDL_LOCATION -> a
    javax.xml.ws.WebServiceException SENCILLOSOLICITUDWEBSERVICE_EXCEPTION -> a
    javax.xml.namespace.QName SENCILLOSOLICITUDWEBSERVICE_QNAME -> a
    26:35:void <clinit>() -> <clinit>
    38:39:void <init>() -> <init>
    42:43:void <init>(javax.xml.ws.WebServiceFeature[]) -> <init>
    46:47:void <init>(java.net.URL) -> <init>
    50:51:void <init>(java.net.URL,javax.xml.ws.WebServiceFeature[]) -> <init>
    54:55:void <init>(java.net.URL,javax.xml.namespace.QName) -> <init>
    58:59:void <init>(java.net.URL,javax.xml.namespace.QName,javax.xml.ws.WebServiceFeature[]) -> <init>
    68:68:cl.imperial.sencillosolicitud.ws.SencilloSolicitudWeb getSencilloSolicitudWebPort() -> getSencilloSolicitudWebPort
    80:80:cl.imperial.sencillosolicitud.ws.SencilloSolicitudWeb getSencilloSolicitudWebPort(javax.xml.ws.WebServiceFeature[]) -> getSencilloSolicitudWebPort
    84:87:java.net.URL __getWsdlLocation() -> a
cl.imperial.sencillosolicitud.ws.TraedenmonBca -> cl.imperial.sencillosolicitud.ws.TraedenmonBca:
    java.lang.String estado -> estado
    32:32:void <init>() -> <init>
    45:45:java.lang.String getEstado() -> getEstado
    57:58:void setEstado(java.lang.String) -> setEstado
cl.imperial.sencillosolicitud.ws.TraedenmonBcaResponse -> cl.imperial.sencillosolicitud.ws.TraedenmonBcaResponse:
    cl.imperial.sencillosolicitud.ws.TraedenmonBcaResult traedenmonBcaResult -> traedenmonBcaResult
    32:32:void <init>() -> <init>
    45:45:cl.imperial.sencillosolicitud.ws.TraedenmonBcaResult getTraedenmonBcaResult() -> getTraedenmonBcaResult
    57:58:void setTraedenmonBcaResult(cl.imperial.sencillosolicitud.ws.TraedenmonBcaResult) -> setTraedenmonBcaResult
cl.imperial.sencillosolicitud.ws.TraedenmonBcaResult -> cl.imperial.sencillosolicitud.ws.TraedenmonBcaResult:
    java.lang.String errorMessage -> errorMessage
    java.util.List solicitudes -> solicitudes
    37:37:void <init>() -> <init>
    54:54:java.lang.String getErrorMessage() -> getErrorMessage
    66:67:void setErrorMessage(java.lang.String) -> setErrorMessage
    92:95:java.util.List getSolicitudes() -> getSolicitudes
cl.imperial.sencillosolicitud.ws.TraedenmonBcaSolicitud -> cl.imperial.sencillosolicitud.ws.TraedenmonBcaSolicitud:
    java.lang.String codigo -> codigo
    java.lang.String estado -> estado
    java.lang.String glosa -> glosa
    java.lang.String valor -> valor
    38:38:void <init>() -> <init>
    54:54:java.lang.String getCodigo() -> getCodigo
    66:67:void setCodigo(java.lang.String) -> setCodigo
    78:78:java.lang.String getEstado() -> getEstado
    90:91:void setEstado(java.lang.String) -> setEstado
    102:102:java.lang.String getGlosa() -> getGlosa
    114:115:void setGlosa(java.lang.String) -> setGlosa
    126:126:java.lang.String getValor() -> getValor
    138:139:void setValor(java.lang.String) -> setValor
cl.imperial.sencillosolicitud.ws.TraesolicitudcjBca -> cl.imperial.sencillosolicitud.ws.TraesolicitudcjBca:
    java.lang.Integer nroInterno -> nroInterno
    32:32:void <init>() -> <init>
    45:45:java.lang.Integer getNroInterno() -> getNroInterno
    57:58:void setNroInterno(java.lang.Integer) -> setNroInterno
cl.imperial.sencillosolicitud.ws.TraesolicitudcjBcaDocumento -> cl.imperial.sencillosolicitud.ws.TraesolicitudcjBcaDocumento:
    java.lang.String cuenta -> cuenta
    java.lang.String idDocumento -> idDocumento
    java.lang.String monto -> monto
    java.lang.String nroInterno -> nroInterno
    java.lang.String numero -> numero
    java.lang.String tipoDocumento -> tipoDocumento
    java.lang.String tipoTransaccion -> tipoTransaccion
    44:44:void <init>() -> <init>
    63:63:java.lang.String getCuenta() -> getCuenta
    75:76:void setCuenta(java.lang.String) -> setCuenta
    87:87:java.lang.String getIdDocumento() -> getIdDocumento
    99:100:void setIdDocumento(java.lang.String) -> setIdDocumento
    111:111:java.lang.String getMonto() -> getMonto
    123:124:void setMonto(java.lang.String) -> setMonto
    135:135:java.lang.String getNroInterno() -> getNroInterno
    147:148:void setNroInterno(java.lang.String) -> setNroInterno
    159:159:java.lang.String getNumero() -> getNumero
    171:172:void setNumero(java.lang.String) -> setNumero
    183:183:java.lang.String getTipoDocumento() -> getTipoDocumento
    195:196:void setTipoDocumento(java.lang.String) -> setTipoDocumento
    207:207:java.lang.String getTipoTransaccion() -> getTipoTransaccion
    219:220:void setTipoTransaccion(java.lang.String) -> setTipoTransaccion
cl.imperial.sencillosolicitud.ws.TraesolicitudcjBcaEfectivo -> cl.imperial.sencillosolicitud.ws.TraesolicitudcjBcaEfectivo:
    java.lang.String cantidadDen -> cantidadDen
    java.lang.String codigoDen -> codigoDen
    java.lang.String nroInterno -> nroInterno
    java.lang.String tipoTransaccion -> tipoTransaccion
    38:38:void <init>() -> <init>
    54:54:java.lang.String getCantidadDen() -> getCantidadDen
    66:67:void setCantidadDen(java.lang.String) -> setCantidadDen
    78:78:java.lang.String getCodigoDen() -> getCodigoDen
    90:91:void setCodigoDen(java.lang.String) -> setCodigoDen
    102:102:java.lang.String getNroInterno() -> getNroInterno
    114:115:void setNroInterno(java.lang.String) -> setNroInterno
    126:126:java.lang.String getTipoTransaccion() -> getTipoTransaccion
    138:139:void setTipoTransaccion(java.lang.String) -> setTipoTransaccion
cl.imperial.sencillosolicitud.ws.TraesolicitudcjBcaResponse -> cl.imperial.sencillosolicitud.ws.TraesolicitudcjBcaResponse:
    cl.imperial.sencillosolicitud.ws.TraesolicitudcjBcaResult traesolicitudcjBcaResult -> traesolicitudcjBcaResult
    32:32:void <init>() -> <init>
    45:45:cl.imperial.sencillosolicitud.ws.TraesolicitudcjBcaResult getTraesolicitudcjBcaResult() -> getTraesolicitudcjBcaResult
    57:58:void setTraesolicitudcjBcaResult(cl.imperial.sencillosolicitud.ws.TraesolicitudcjBcaResult) -> setTraesolicitudcjBcaResult
cl.imperial.sencillosolicitud.ws.TraesolicitudcjBcaResult -> cl.imperial.sencillosolicitud.ws.TraesolicitudcjBcaResult:
    java.util.List documentos -> documentos
    java.util.List efectivos -> efectivos
    java.lang.String errorMessage -> errorMessage
    java.util.List saldos -> saldos
    java.util.List vouchers -> vouchers
    43:43:void <init>() -> <init>
    80:83:java.util.List getDocumentos() -> getDocumentos
    109:112:java.util.List getEfectivos() -> getEfectivos
    124:124:java.lang.String getErrorMessage() -> getErrorMessage
    136:137:void setErrorMessage(java.lang.String) -> setErrorMessage
    162:165:java.util.List getSaldos() -> getSaldos
    191:194:java.util.List getVouchers() -> getVouchers
cl.imperial.sencillosolicitud.ws.TraesolicitudcjBcaSaldo -> cl.imperial.sencillosolicitud.ws.TraesolicitudcjBcaSaldo:
    java.lang.String saldocmr -> saldocmr
    32:32:void <init>() -> <init>
    45:45:java.lang.String getSaldocmr() -> getSaldocmr
    57:58:void setSaldocmr(java.lang.String) -> setSaldocmr
cl.imperial.sencillosolicitud.ws.TraesolicitudcjBcaVoucher -> cl.imperial.sencillosolicitud.ws.TraesolicitudcjBcaVoucher:
    java.lang.String cierre -> cierre
    java.lang.String codEmp -> codEmp
    java.lang.String codUsurecibe -> codUsurecibe
    java.lang.String estacion -> estacion
    java.lang.String estado -> estado
    java.lang.String fecha -> fecha
    java.lang.String montoDocumentos -> montoDocumentos
    java.lang.String montoEfectivo -> montoEfectivo
    java.lang.String nomEmp -> nomEmp
    java.lang.String nroInterno -> nroInterno
    java.lang.String nroInternopadre -> nroInternopadre
    java.lang.String tipoEnvio -> tipoEnvio
    java.lang.String tipoTransaccion -> tipoTransaccion
    java.lang.String usuario -> usuario
    58:58:void <init>() -> <init>
    84:84:java.lang.String getCierre() -> getCierre
    96:97:void setCierre(java.lang.String) -> setCierre
    108:108:java.lang.String getCodEmp() -> getCodEmp
    120:121:void setCodEmp(java.lang.String) -> setCodEmp
    132:132:java.lang.String getCodUsurecibe() -> getCodUsurecibe
    144:145:void setCodUsurecibe(java.lang.String) -> setCodUsurecibe
    156:156:java.lang.String getEstacion() -> getEstacion
    168:169:void setEstacion(java.lang.String) -> setEstacion
    180:180:java.lang.String getEstado() -> getEstado
    192:193:void setEstado(java.lang.String) -> setEstado
    204:204:java.lang.String getFecha() -> getFecha
    216:217:void setFecha(java.lang.String) -> setFecha
    228:228:java.lang.String getMontoDocumentos() -> getMontoDocumentos
    240:241:void setMontoDocumentos(java.lang.String) -> setMontoDocumentos
    252:252:java.lang.String getMontoEfectivo() -> getMontoEfectivo
    264:265:void setMontoEfectivo(java.lang.String) -> setMontoEfectivo
    276:276:java.lang.String getNomEmp() -> getNomEmp
    288:289:void setNomEmp(java.lang.String) -> setNomEmp
    300:300:java.lang.String getNroInterno() -> getNroInterno
    312:313:void setNroInterno(java.lang.String) -> setNroInterno
    324:324:java.lang.String getNroInternopadre() -> getNroInternopadre
    336:337:void setNroInternopadre(java.lang.String) -> setNroInternopadre
    348:348:java.lang.String getTipoEnvio() -> getTipoEnvio
    360:361:void setTipoEnvio(java.lang.String) -> setTipoEnvio
    372:372:java.lang.String getTipoTransaccion() -> getTipoTransaccion
    384:385:void setTipoTransaccion(java.lang.String) -> setTipoTransaccion
    396:396:java.lang.String getUsuario() -> getUsuario
    408:409:void setUsuario(java.lang.String) -> setUsuario
cl.imperial.sencillosolicitud.ws.WebFaultInfo -> cl.imperial.sencillosolicitud.ws.WebFaultInfo:
    java.lang.Integer errorCode -> errorCode
    java.lang.String sqlState -> sqlState
    java.lang.String subject -> subject
    36:36:void <init>() -> <init>
    51:51:java.lang.Integer getErrorCode() -> getErrorCode
    63:64:void setErrorCode(java.lang.Integer) -> setErrorCode
    75:75:java.lang.String getSqlState() -> getSqlState
    87:88:void setSqlState(java.lang.String) -> setSqlState
    99:99:java.lang.String getSubject() -> getSubject
    111:112:void setSubject(java.lang.String) -> setSubject
cl.imperial.sencillosolicitud.ws.package-info -> cl.imperial.sencillosolicitud.ws.package-info:
